Component: Arm Compiler for Embedded 6.18 Tool: armlink [5e4cc100]

==============================================================================

Section Cross References

    main.o(.text.main) refers to settingsports.o(.text.setCPUFreq) for setCPUFreq
    main.o(.text.main) refers to settingsports.o(.text.settingsPorts) for settingsPorts
    main.o(.text.main) refers to timer.o(.text.TimerInit) for TimerInit
    main.o(.text.main) refers to settingsports.o(.text.UART_ini) for UART_ini
    main.o(.text.main) refers to lcdtext.o(.text.lcdInit) for lcdInit
    main.o(.text.main) refers to main.o(.rodata.str1.1) for .L.str
    main.o(.text.main) refers to sprintf.o(.text) for sprintf
    main.o(.text.main) refers to lcdtext.o(.text.lcdTxt) for lcdTxt
    main.o(.text.main) refers to main.o(.bss.flag) for flag
    main.o(.text.main) refers to mdr32f9qx_uart.o(.text.UART_SendData) for UART_SendData
    main.o(.text.main) refers to main.o(.bss.IRQCounter) for IRQCounter
    main.o(.text.main) refers to text.o(.text.LCD_PUTS_UNINT) for LCD_PUTS_UNINT
    main.o(.text.main) refers to led.o(.text.flashingDiode) for flashingDiode
    main.o(.ARM.exidx.text.main) refers to main.o(.text.main) for [Anonymous Symbol]
    led.o(.text.flashingDiode) refers to led.o(.bss.flashingDiode.i) for flashingDiode.i
    led.o(.text.flashingDiode) refers to mdr32f9qx_port.o(.text.PORT_SetBits) for PORT_SetBits
    led.o(.text.flashingDiode) refers to mdr32f9qx_port.o(.text.PORT_ResetBits) for PORT_ResetBits
    led.o(.ARM.exidx.text.flashingDiode) refers to led.o(.text.flashingDiode) for [Anonymous Symbol]
    settingsports.o(.ARM.exidx.text.setCPUFreq) refers to settingsports.o(.text.setCPUFreq) for [Anonymous Symbol]
    settingsports.o(.text.settingsPorts) refers to mdr32f9qx_port.o(.text.PORT_StructInit) for PORT_StructInit
    settingsports.o(.text.settingsPorts) refers to mdr32f9qx_port.o(.text.PORT_Init) for PORT_Init
    settingsports.o(.ARM.exidx.text.settingsPorts) refers to settingsports.o(.text.settingsPorts) for [Anonymous Symbol]
    settingsports.o(.text.UART_ini) refers to mdr32f9qx_port.o(.text.PORT_StructInit) for PORT_StructInit
    settingsports.o(.text.UART_ini) refers to mdr32f9qx_port.o(.text.PORT_Init) for PORT_Init
    settingsports.o(.text.UART_ini) refers to mdr32f9qx_rst_clk.o(.text.RST_CLK_PCLKcmd) for RST_CLK_PCLKcmd
    settingsports.o(.text.UART_ini) refers to mdr32f9qx_uart.o(.text.UART_BRGInit) for UART_BRGInit
    settingsports.o(.text.UART_ini) refers to mdr32f9qx_uart.o(.text.UART_Init) for UART_Init
    settingsports.o(.text.UART_ini) refers to mdr32f9qx_uart.o(.text.UART_Cmd) for UART_Cmd
    settingsports.o(.ARM.exidx.text.UART_ini) refers to settingsports.o(.text.UART_ini) for [Anonymous Symbol]
    timer.o(.text.TimerInit) refers to mdr32f9qx_timer.o(.text.TIMER_DeInit) for TIMER_DeInit
    timer.o(.text.TimerInit) refers to mdr32f9qx_timer.o(.text.TIMER_CntStructInit) for TIMER_CntStructInit
    timer.o(.text.TimerInit) refers to mdr32f9qx_timer.o(.text.TIMER_BRGInit) for TIMER_BRGInit
    timer.o(.text.TimerInit) refers to mdr32f9qx_timer.o(.text.TIMER_CntInit) for TIMER_CntInit
    timer.o(.text.TimerInit) refers to timer.o(.text.NVIC_EnableIRQ) for NVIC_EnableIRQ
    timer.o(.text.TimerInit) refers to timer.o(.text.NVIC_SetPriority) for NVIC_SetPriority
    timer.o(.text.TimerInit) refers to mdr32f9qx_timer.o(.text.TIMER_ITConfig) for TIMER_ITConfig
    timer.o(.text.TimerInit) refers to mdr32f9qx_timer.o(.text.TIMER_Cmd) for TIMER_Cmd
    timer.o(.ARM.exidx.text.TimerInit) refers to timer.o(.text.TimerInit) for [Anonymous Symbol]
    timer.o(.ARM.exidx.text.NVIC_EnableIRQ) refers to timer.o(.text.NVIC_EnableIRQ) for [Anonymous Symbol]
    timer.o(.ARM.exidx.text.NVIC_SetPriority) refers to timer.o(.text.NVIC_SetPriority) for [Anonymous Symbol]
    timer.o(.text.Timer1_IRQHandler) refers to mdr32f9qx_timer.o(.text.TIMER_GetITStatus) for TIMER_GetITStatus
    timer.o(.text.Timer1_IRQHandler) refers to main.o(.bss.IRQCounter) for IRQCounter
    timer.o(.text.Timer1_IRQHandler) refers to lcdtext.o(.text.IQRFlag) for IQRFlag
    timer.o(.text.Timer1_IRQHandler) refers to mdr32f9qx_timer.o(.text.TIMER_ClearFlag) for TIMER_ClearFlag
    timer.o(.ARM.exidx.text.Timer1_IRQHandler) refers to timer.o(.text.Timer1_IRQHandler) for [Anonymous Symbol]
    lcdtext.o(.text.lcdTxt) refers to lcdtext.o(.rodata.str1.1) for .L.str
    lcdtext.o(.text.lcdTxt) refers to text.o(.text.LCD_PUTS) for LCD_PUTS
    lcdtext.o(.text.lcdTxt) refers to text.o(.text.LCD_PUTS_UNINT) for LCD_PUTS_UNINT
    lcdtext.o(.ARM.exidx.text.lcdTxt) refers to lcdtext.o(.text.lcdTxt) for [Anonymous Symbol]
    lcdtext.o(.text.lcdInit) refers to lcd.o(.text.LCD_INIT) for LCD_INIT
    lcdtext.o(.text.lcdInit) refers to text.o(.bss.CurrentFont) for CurrentFont
    lcdtext.o(.text.lcdInit) refers to font_6x8.o(.data.Font_6x8) for Font_6x8
    lcdtext.o(.text.lcdInit) refers to lcd.o(.bss.CurrentMethod) for CurrentMethod
[...]
    ../clib/printf_percent.s                 0x00000000   Number         0  _printf_s.o ABSOLUTE
    ../clib/printf_percent.s                 0x00000000   Number         0  _printf_n.o ABSOLUTE
    ../clib/printf_percent.s                 0x00000000   Number         0  _printf_x.o ABSOLUTE
    ../clib/printf_percent.s                 0x00000000   Number         0  _printf_p.o ABSOLUTE
    ../clib/printf_percent.s                 0x00000000   Number         0  _printf_o.o ABSOLUTE
    ../clib/printf_percent.s                 0x00000000   Number         0  _printf_i.o ABSOLUTE
    ../clib/printf_percent.s                 0x00000000   Number         0  _printf_d.o ABSOLUTE
    ../clib/printf_percent.s                 0x00000000   Number         0  _printf_u.o ABSOLUTE
    ../clib/printf_percent.s                 0x00000000   Number         0  _printf_f.o ABSOLUTE
    ../clib/printf_percent.s                 0x00000000   Number         0  _printf_e.o ABSOLUTE
    ../clib/printf_percent.s                 0x00000000   Number         0  _printf_g.o ABSOLUTE
    ../clib/printf_percent.s                 0x00000000   Number         0  _printf_a.o ABSOLUTE
    ../clib/printf_percent.s                 0x00000000   Number         0  _printf_percent.o ABSOLUTE
    ../clib/printf_percent.s                 0x00000000   Number         0  _printf_lli.o ABSOLUTE
    ../clib/printf_percent.s                 0x00000000   Number         0  _printf_lld.o ABSOLUTE
    ../clib/printf_percent.s                 0x00000000   Number         0  _printf_llu.o ABSOLUTE
    ../clib/printf_percent.s                 0x00000000   Number         0  _printf_ll.o ABSOLUTE
    ../clib/printf_percent.s                 0x00000000   Number         0  _printf_l.o ABSOLUTE
    ../clib/printf_percent.s                 0x00000000   Number         0  _printf_lc.o ABSOLUTE
    ../clib/printf_percent.s                 0x00000000   Number         0  _printf_ls.o ABSOLUTE
    ../clib/printf_percent.s                 0x00000000   Number         0  _printf_llo.o ABSOLUTE
    ../clib/printf_percent.s                 0x00000000   Number         0  _printf_llx.o ABSOLUTE
    ../clib/printf_percent.s                 0x00000000   Number         0  _printf_percent_end.o ABSOLUTE
    ../clib/signal.c                         0x00000000   Number         0  defsig_rtmem_outer.o ABSOLUTE
    ../clib/signal.c                         0x00000000   Number         0  defsig_rtmem_formal.o ABSOLUTE
    ../clib/signal.c                         0x00000000   Number         0  defsig_exit.o ABSOLUTE
    ../clib/signal.c                         0x00000000   Number         0  defsig_rtmem_inner.o ABSOLUTE
    ../clib/signal.c                         0x00000000   Number         0  __raise.o ABSOLUTE
    ../clib/signal.c                         0x00000000   Number         0  defsig_general.o ABSOLUTE
    ../clib/signal.c                         0x00000000   Number         0  defsig_abrt_inner.o ABSOLUTE
    ../clib/signal.c                         0x00000000   Number         0  defsig_fpe_inner.o ABSOLUTE
    ../clib/signal.c                         0x00000000   Number         0  defsig_rtred_inner.o ABSOLUTE
    ../clib/signal.c                         0x00000000   Number         0  defsig_stak_inner.o ABSOLUTE
    ../clib/signal.c                         0x00000000   Number         0  defsig_pvfn_inner.o ABSOLUTE
    ../clib/signal.c                         0x00000000   Number         0  defsig_cppl_inner.o ABSOLUTE
    ../clib/signal.c                         0x00000000   Number         0  defsig_segv_inner.o ABSOLUTE
    ../clib/signal.c                         0x00000000   Number         0  defsig_other.o ABSOLUTE
    ../clib/signal.s                         0x00000000   Number         0  defsig.o ABSOLUTE
    ../clib/stdlib.c                         0x00000000   Number         0  exit.o ABSOLUTE
    ../clib/string.c                         0x00000000   Number         0  strlen.o ABSOLUTE
    ../fplib/fpinit.s                        0x00000000   Number         0  fpinit.o ABSOLUTE
    ../fplib/fpinit_empty.s                  0x00000000   Number         0  fpinit_empty.o ABSOLUTE
    ../fplib/istatus.s                       0x00000000   Number         0  istatus.o ABSOLUTE
    ../fplib/printf1.s                       0x00000000   Number         0  printf1.o ABSOLUTE
    ../fplib/printf2.s                       0x00000000   Number         0  printf2.o ABSOLUTE
    ../fplib/printf2a.s                      0x00000000   Number         0  printf2a.o ABSOLUTE
    ../fplib/printf2b.s                      0x00000000   Number         0  printf2b.o ABSOLUTE
    ../fplib/usenofp.s                       0x00000000   Number         0  usenofp.o ABSOLUTE
    ../mathlib/fpclassify.c                  0x00000000   Number         0  fpclassify.o ABSOLUTE
    Font_6x8.c                               0x00000000   Number         0  font_6x8.o ABSOLUTE
    MDR32F9Qx_port.c                         0x00000000   Number         0  mdr32f9qx_port.o ABSOLUTE
    MDR32F9Qx_rst_clk.c                      0x00000000   Number         0  mdr32f9qx_rst_clk.o ABSOLUTE
    MDR32F9Qx_timer.c                        0x00000000   Number         0  mdr32f9qx_timer.o ABSOLUTE
    MDR32F9Qx_uart.c                         0x00000000   Number         0  mdr32f9qx_uart.o ABSOLUTE
    RTE\Device\MDR1986BE92\startup_MDR32F9Qx.S 0x00000000   Number         0  startup_mdr32f9qx.o ABSOLUTE
    dc.s                                     0x00000000   Number         0  dc.o ABSOLUTE
    lcd.c                                    0x00000000   Number         0  lcd.o ABSOLUTE
    lcdtext.c                                0x00000000   Number         0  lcdtext.o ABSOLUTE
    led.c                                    0x00000000   Number         0  led.o ABSOLUTE
    main.c                                   0x00000000   Number         0  main.o ABSOLUTE
    settingsports.c                          0x00000000   Number         0  settingsports.o ABSOLUTE
    system_MDR32F9Qx.c                       0x00000000   Number         0  system_mdr32f9qx.o ABSOLUTE
    systick.c                                0x00000000   Number         0  systick.o ABSOLUTE
    text.c                                   0x00000000   Number         0  text.o ABSOLUTE
    timer.c                                  0x00000000   Number         0  timer.o ABSOLUTE
    RESET                                    0x08000000   Section      192  startup_mdr32f9qx.o(RESET)
    !!!main                                  0x080000c0   Section        8  __main.o(!!!main)
    !!!scatter                               0x080000c8   Section       52  __scatter.o(!!!scatter)
    !!dczerorl2                              0x080000fc   Section       90  __dczerorl2.o(!!dczerorl2)
    !!handler_zi                             0x08000158   Section       28  __scatter_zi.o(!!handler_zi)
    .ARM.Collect$$_printf_percent$$00000000  0x08000174   Section        0  _printf_percent.o(.ARM.Collect$$_printf_percent$$00000000)
    .ARM.Collect$$_printf_percent$$00000001  0x08000174   Section        6  _printf_n.o(.ARM.Collect$$_printf_percent$$00000001)
    .ARM.Collect$$_printf_percent$$00000002  0x0800017a   Section        6  _printf_p.o(.ARM.Collect$$_printf_percent$$00000002)
    .ARM.Collect$$_printf_percent$$00000003  0x08000180   Section        6  _printf_f.o(.ARM.Collect$$_printf_percent$$00000003)
    .ARM.Collect$$_printf_percent$$00000004  0x08000186   Section        6  _printf_e.o(.ARM.Collect$$_printf_percent$$00000004)
    .ARM.Collect$$_printf_percent$$00000005  0x0800018c   Section        6  _printf_g.o(.ARM.Collect$$_printf_percent$$00000005)
    .ARM.Collect$$_printf_percent$$00000006  0x08000192   Section        6  _printf_a.o(.ARM.Collect$$_printf_percent$$00000006)
    .ARM.Collect$$_printf_percent$$00000007  0x08000198   Section       10  _printf_ll.o(.ARM.Collect$$_printf_percent$$00000007)
    .ARM.Collect$$_printf_percent$$00000008  0x080001a2   Section        6  _printf_i.o(.ARM.Collect$$_printf_percent$$00000008)
    .ARM.Collect$$_printf_percent$$00000009  0x080001a8   Section        6  _printf_d.o(.ARM.Collect$$_printf_percent$$00000009)
    .ARM.Collect$$_printf_percent$$0000000A  0x080001ae   Section        6  _printf_u.o(.ARM.Collect$$_printf_percent$$0000000A)
    .ARM.Collect$$_printf_percent$$0000000B  0x080001b4   Section        6  _printf_o.o(.ARM.Collect$$_printf_percent$$0000000B)
    .ARM.Collect$$_printf_percent$$0000000C  0x080001ba   Section        6  _printf_x.o(.ARM.Collect$$_printf_percent$$0000000C)
    .ARM.Collect$$_printf_percent$$0000000D  0x080001c0   Section        6  _printf_lli.o(.ARM.Collect$$_printf_percent$$0000000D)
    .ARM.Collect$$_printf_percent$$0000000E  0x080001c6   Section        6  _printf_lld.o(.ARM.Collect$$_printf_percent$$0000000E)
    .ARM.Collect$$_printf_percent$$0000000F  0x080001cc   Section        6  _printf_llu.o(.ARM.Collect$$_printf_percent$$0000000F)
    .ARM.Collect$$_printf_percent$$00000010  0x080001d2   Section        6  _printf_llo.o(.ARM.Collect$$_printf_percent$$00000010)
    .ARM.Collect$$_printf_percent$$00000011  0x080001d8   Section        6  _printf_llx.o(.ARM.Collect$$_printf_percent$$00000011)
    .ARM.Collect$$_printf_percent$$00000012  0x080001de   Section       10  _printf_l.o(.ARM.Collect$$_printf_percent$$00000012)
    .ARM.Collect$$_printf_percent$$00000013  0x080001e8   Section        6  _printf_c.o(.ARM.Collect$$_printf_percent$$00000013)
    .ARM.Collect$$_printf_percent$$00000014  0x080001ee   Section        6  _printf_s.o(.ARM.Collect$$_printf_percent$$00000014)
    .ARM.Collect$$_printf_percent$$00000015  0x080001f4   Section        6  _printf_lc.o(.ARM.Collect$$_printf_percent$$00000015)
    .ARM.Collect$$_printf_percent$$00000016  0x080001fa   Section        6  _printf_ls.o(.ARM.Collect$$_printf_percent$$00000016)
    .ARM.Collect$$_printf_percent$$00000017  0x08000200   Section        4  _printf_percent_end.o(.ARM.Collect$$_printf_percent$$00000017)
    .ARM.Collect$$libinit$$00000000          0x08000204   Section        2  libinit.o(.ARM.Collect$$libinit$$00000000)
    .ARM.Collect$$libinit$$00000002          0x08000206   Section        0  libinit2.o(.ARM.Collect$$libinit$$00000002)
    .ARM.Collect$$libinit$$00000004          0x08000206   Section        0  libinit2.o(.ARM.Collect$$libinit$$00000004)
    .ARM.Collect$$libinit$$00000006          0x08000206   Section        0  libinit2.o(.ARM.Collect$$libinit$$00000006)
    .ARM.Collect$$libinit$$0000000C          0x08000206   Section        0  libinit2.o(.ARM.Collect$$libinit$$0000000C)
    .ARM.Collect$$libinit$$0000000E          0x08000206   Section        0  libinit2.o(.ARM.Collect$$libinit$$0000000E)
    .ARM.Collect$$libinit$$00000010          0x08000206   Section        0  libinit2.o(.ARM.Collect$$libinit$$00000010)
    .ARM.Collect$$libinit$$00000011          0x08000206   Section        6  libinit2.o(.ARM.Collect$$libinit$$00000011)
    .ARM.Collect$$libinit$$00000013          0x0800020c   Section        0  libinit2.o(.ARM.Collect$$libinit$$00000013)
    .ARM.Collect$$libinit$$00000014          0x0800020c   Section       12  libinit2.o(.ARM.Collect$$libinit$$00000014)
    .ARM.Collect$$libinit$$00000015          0x08000218   Section        0  libinit2.o(.ARM.Collect$$libinit$$00000015)
    .ARM.Collect$$libinit$$00000017          0x08000218   Section        0  libinit2.o(.ARM.Collect$$libinit$$00000017)
    .ARM.Collect$$libinit$$00000018          0x08000218   Section       10  libinit2.o(.ARM.Collect$$libinit$$00000018)
    .ARM.Collect$$libinit$$00000019          0x08000222   Section        0  libinit2.o(.ARM.Collect$$libinit$$00000019)
    .ARM.Collect$$libinit$$0000001B          0x08000222   Section        0  libinit2.o(.ARM.Collect$$libinit$$0000001B)
    .ARM.Collect$$libinit$$0000001D          0x08000222   Section        0  libinit2.o(.ARM.Collect$$libinit$$0000001D)
    .ARM.Collect$$libinit$$0000001F          0x08000222   Section        0  libinit2.o(.ARM.Collect$$libinit$$0000001F)
    .ARM.Collect$$libinit$$00000021          0x08000222   Section        0  libinit2.o(.ARM.Collect$$libinit$$00000021)
    .ARM.Collect$$libinit$$00000023          0x08000222   Section        0  libinit2.o(.ARM.Collect$$libinit$$00000023)
    .ARM.Collect$$libinit$$00000025          0x08000222   Section        0  libinit2.o(.ARM.Collect$$libinit$$00000025)
    .ARM.Collect$$libinit$$00000027          0x08000222   Section        0  libinit2.o(.ARM.Collect$$libinit$$00000027)
    .ARM.Collect$$libinit$$0000002E          0x08000222   Section        0  libinit2.o(.ARM.Collect$$libinit$$0000002E)
    .ARM.Collect$$libinit$$00000030          0x08000222   Section        0  libinit2.o(.ARM.Collect$$libinit$$00000030)
    .ARM.Collect$$libinit$$00000032          0x08000222   Section        0  libinit2.o(.ARM.Collect$$libinit$$00000032)
    .ARM.Collect$$libinit$$00000034          0x08000222   Section        0  libinit2.o(.ARM.Collect$$libinit$$00000034)
    .ARM.Collect$$libinit$$00000035          0x08000222   Section        2  libinit2.o(.ARM.Collect$$libinit$$00000035)
    .ARM.Collect$$libshutdown$$00000000      0x08000224   Section        2  libshutdown.o(.ARM.Collect$$libshutdown$$00000000)
    .ARM.Collect$$libshutdown$$00000002      0x08000226   Section        0  libshutdown2.o(.ARM.Collect$$libshutdown$$00000002)
    .ARM.Collect$$libshutdown$$00000004      0x08000226   Section        0  libshutdown2.o(.ARM.Collect$$libshutdown$$00000004)
    .ARM.Collect$$libshutdown$$00000007      0x08000226   Section        0  libshutdown2.o(.ARM.Collect$$libshutdown$$00000007)
    .ARM.Collect$$libshutdown$$0000000A      0x08000226   Section        0  libshutdown2.o(.ARM.Collect$$libshutdown$$0000000A)
    .ARM.Collect$$libshutdown$$0000000C      0x08000226   Section        0  libshutdown2.o(.ARM.Collect$$libshutdown$$0000000C)
    .ARM.Collect$$libshutdown$$0000000F      0x08000226   Section        0  libshutdown2.o(.ARM.Collect$$libshutdown$$0000000F)
    .ARM.Collect$$libshutdown$$00000010      0x08000226   Section        2  libshutdown2.o(.ARM.Collect$$libshutdown$$00000010)
    .ARM.Collect$$rtentry$$00000000          0x08000228   Section        0  __rtentry.o(.ARM.Collect$$rtentry$$00000000)
    .ARM.Collect$$rtentry$$00000002          0x08000228   Section        0  __rtentry2.o(.ARM.Collect$$rtentry$$00000002)
    .ARM.Collect$$rtentry$$00000004          0x08000228   Section        6  __rtentry4.o(.ARM.Collect$$rtentry$$00000004)
    .ARM.Collect$$rtentry$$00000009          0x0800022e   Section        0  __rtentry2.o(.ARM.Collect$$rtentry$$00000009)
    .ARM.Collect$$rtentry$$0000000A          0x0800022e   Section        4  __rtentry2.o(.ARM.Collect$$rtentry$$0000000A)
    .ARM.Collect$$rtentry$$0000000C          0x08000232   Section        0  __rtentry2.o(.ARM.Collect$$rtentry$$0000000C)
    .ARM.Collect$$rtentry$$0000000D          0x08000232   Section        8  __rtentry2.o(.ARM.Collect$$rtentry$$0000000D)
    .ARM.Collect$$rtexit$$00000000           0x0800023a   Section        2  rtexit.o(.ARM.Collect$$rtexit$$00000000)
    .ARM.Collect$$rtexit$$00000002           0x0800023c   Section        0  rtexit2.o(.ARM.Collect$$rtexit$$00000002)
    .ARM.Collect$$rtexit$$00000003           0x0800023c   Section        4  rtexit2.o(.ARM.Collect$$rtexit$$00000003)
    .ARM.Collect$$rtexit$$00000004           0x08000240   Section        6  rtexit2.o(.ARM.Collect$$rtexit$$00000004)
    .text                                    0x08000248   Section       64  startup_mdr32f9qx.o(.text)
    .text                                    0x08000288   Section        0  sprintf.o(.text)
    .text                                    0x080002b4   Section        0  heapauxi.o(.text)
    .text                                    0x080002ba   Section        0  _printf_pad.o(.text)
    .text                                    0x08000308   Section        0  _printf_truncate.o(.text)
    .text                                    0x0800032c   Section        0  _printf_str.o(.text)
    .text                                    0x08000380   Section        0  _printf_dec.o(.text)
    .text                                    0x080003f8   Section        0  _printf_charcount.o(.text)
    _printf_input_char                       0x08000421   Thumb Code    10  _printf_char_common.o(.text)
    .text                                    0x08000420   Section        0  _printf_char_common.o(.text)
    .text                                    0x08000450   Section        0  _sputc.o(.text)
    .text                                    0x0800045c   Section        0  _printf_wctomb.o(.text)
    .text                                    0x08000518   Section        0  _printf_longlong_dec.o(.text)
    _printf_longlong_oct_internal            0x08000595   Thumb Code     0  _printf_oct_int_ll.o(.text)
    .text                                    0x08000594   Section        0  _printf_oct_int_ll.o(.text)
    _printf_hex_common                       0x08000605   Thumb Code     0  _printf_hex_int_ll_ptr.o(.text)
    .text                                    0x08000604   Section        0  _printf_hex_int_ll_ptr.o(.text)
    .text                                    0x08000698   Section        0  __printf_flags_ss_wp.o(.text)
    .text                                    0x08000820   Section      138  lludiv10.o(.text)
    .text                                    0x080008aa   Section        0  _printf_intcommon.o(.text)
    _fp_digits                               0x0800095d   Thumb Code   432  _printf_fp_dec.o(.text)
    .text                                    0x0800095c   Section        0  _printf_fp_dec.o(.text)
    .text                                    0x08000d78   Section        0  _printf_fp_hex.o(.text)
    .text                                    0x08001074   Section        0  _printf_char.o(.text)
    .text                                    0x080010a0   Section        0  _printf_wchar.o(.text)
    .text                                    0x080010cc   Section        0  _c16rtomb.o(.text)
    .text                                    0x08001114   Section       74  sys_stackheap_outer.o(.text)
    .text                                    0x08001160   Section       16  rt_ctype_table.o(.text)
    .text                                    0x08001170   Section        8  rt_locale_intlibspace.o(.text)
    .text                                    0x08001178   Section        0  _printf_fp_infnan.o(.text)
    .text                                    0x080011f8   Section        0  bigflt0.o(.text)
    .text                                    0x080012dc   Section        0  exit.o(.text)
    .text                                    0x080012f0   Section        8  libspace.o(.text)
    .text                                    0x080012f8   Section      128  strcmpv7m.o(.text)
    .text                                    0x08001378   Section        0  sys_exit.o(.text)
    .text                                    0x08001384   Section        2  use_no_semi.o(.text)
    .text                                    0x08001386   Section        0  indicate_semi.o(.text)
    GetStatus                                0x08001389   Thumb Code    24  lcd.o(.text.GetStatus)
    [Anonymous Symbol]                       0x08001388   Section        0  lcd.o(.text.GetStatus)
    [Anonymous Symbol]                       0x080013a0   Section        0  lcdtext.o(.text.IQRFlag)
    [Anonymous Symbol]                       0x080013e0   Section        0  lcd.o(.text.InitPortLCD)
    [Anonymous Symbol]                       0x08001530   Section        0  lcd.o(.text.LCD_CLS)
    [Anonymous Symbol]                       0x080015b4   Section        0  lcd.o(.text.LCD_INIT)
    [Anonymous Symbol]                       0x080015fc   Section        0  text.o(.text.LCD_PUTC)
    [Anonymous Symbol]                       0x080016f8   Section        0  text.o(.text.LCD_PUTS)
    [Anonymous Symbol]                       0x08001748   Section        0  text.o(.text.LCD_PUTS_UNINT)
    [Anonymous Symbol]                       0x080017b0   Section        0  text.o(.text.LCD_PUT_BYTE)
    NVIC_EnableIRQ                           0x080019bd   Thumb Code    36  timer.o(.text.NVIC_EnableIRQ)
    [Anonymous Symbol]                       0x080019bc   Section        0  timer.o(.text.NVIC_EnableIRQ)
    NVIC_SetPriority                         0x080019e1   Thumb Code    68  timer.o(.text.NVIC_SetPriority)
    [Anonymous Symbol]                       0x080019e0   Section        0  timer.o(.text.NVIC_SetPriority)
    [Anonymous Symbol]                       0x08001a24   Section        0  mdr32f9qx_port.o(.text.PORT_Init)
    [Anonymous Symbol]                       0x08001bbc   Section        0  mdr32f9qx_port.o(.text.PORT_ResetBits)
    [Anonymous Symbol]                       0x08001be0   Section        0  mdr32f9qx_port.o(.text.PORT_SetBits)
    [Anonymous Symbol]                       0x08001c08   Section        0  mdr32f9qx_port.o(.text.PORT_StructInit)
    Pause                                    0x08001c41   Thumb Code    30  lcd.o(.text.Pause)
    [Anonymous Symbol]                       0x08001c40   Section        0  lcd.o(.text.Pause)
    [Anonymous Symbol]                       0x08001c60   Section        0  lcd.o(.text.READ_DATA)
    [Anonymous Symbol]                       0x08001c8c   Section        0  mdr32f9qx_rst_clk.o(.text.RST_CLK_GetClocksFreq)
    [Anonymous Symbol]                       0x08001f58   Section        0  mdr32f9qx_rst_clk.o(.text.RST_CLK_PCLKcmd)
    [Anonymous Symbol]                       0x08001f8c   Section        0  lcd.o(.text.ReadLCD_Cmd)
    [Anonymous Symbol]                       0x08002000   Section        0  lcd.o(.text.ReadLCD_Data)
    [Anonymous Symbol]                       0x08002094   Section        0  lcd.o(.text.ResetLCD)
    [Anonymous Symbol]                       0x080020ec   Section        0  lcd.o(.text.SetCrystal)
    [Anonymous Symbol]                       0x08002140   Section        0  systick.o(.text.SysTick_Handler)
    [Anonymous Symbol]                       0x08002160   Section        0  system_mdr32f9qx.o(.text.SystemCoreClockUpdate)
    [Anonymous Symbol]                       0x08002250   Section        0  system_mdr32f9qx.o(.text.SystemInit)
    [Anonymous Symbol]                       0x080022b4   Section        0  mdr32f9qx_timer.o(.text.TIMER_BRGInit)
    [Anonymous Symbol]                       0x0800235c   Section        0  mdr32f9qx_timer.o(.text.TIMER_ClearFlag)
    [Anonymous Symbol]                       0x08002370   Section        0  mdr32f9qx_timer.o(.text.TIMER_Cmd)
    [Anonymous Symbol]                       0x080023a4   Section        0  mdr32f9qx_timer.o(.text.TIMER_CntInit)
    [Anonymous Symbol]                       0x080023fc   Section        0  mdr32f9qx_timer.o(.text.TIMER_CntStructInit)
    [Anonymous Symbol]                       0x08002438   Section        0  mdr32f9qx_timer.o(.text.TIMER_DeInit)
    [Anonymous Symbol]                       0x080024c4   Section        0  mdr32f9qx_timer.o(.text.TIMER_GetITStatus)
    [Anonymous Symbol]                       0x080024fc   Section        0  mdr32f9qx_timer.o(.text.TIMER_ITConfig)
    [Anonymous Symbol]                       0x08002534   Section        0  timer.o(.text.Timer1_IRQHandler)
    [Anonymous Symbol]                       0x08002580   Section        0  timer.o(.text.TimerInit)
    [Anonymous Symbol]                       0x0800260c   Section        0  mdr32f9qx_uart.o(.text.UART_BRGInit)
    [Anonymous Symbol]                       0x08002688   Section        0  mdr32f9qx_uart.o(.text.UART_Cmd)
    [Anonymous Symbol]                       0x080026b8   Section        0  mdr32f9qx_uart.o(.text.UART_Init)
    [Anonymous Symbol]                       0x080027c8   Section        0  mdr32f9qx_uart.o(.text.UART_SendData)
    [Anonymous Symbol]                       0x080027dc   Section        0  settingsports.o(.text.UART_ini)
    [Anonymous Symbol]                       0x08002898   Section        0  lcd.o(.text.WRITE_DATA)
    WaitStatus                               0x080028e9   Thumb Code    46  lcd.o(.text.WaitStatus)
    [Anonymous Symbol]                       0x080028e8   Section        0  lcd.o(.text.WaitStatus)
    [Anonymous Symbol]                       0x08002918   Section        0  lcd.o(.text.WriteLCD_Cmd)
    [Anonymous Symbol]                       0x0800298c   Section        0  lcd.o(.text.WriteLCD_Data)
    [Anonymous Symbol]                       0x08002a00   Section        0  led.o(.text.flashingDiode)
    [Anonymous Symbol]                       0x08002a68   Section        0  lcdtext.o(.text.lcdInit)
    [Anonymous Symbol]                       0x08002a94   Section        0  lcdtext.o(.text.lcdTxt)
    [Anonymous Symbol]                       0x08002b98   Section        0  main.o(.text.main)
    [Anonymous Symbol]                       0x08002cd8   Section        0  settingsports.o(.text.setCPUFreq)
    [Anonymous Symbol]                       0x08002d74   Section        0  settingsports.o(.text.settingsPorts)
    CL$$btod_d2e                             0x08002da6   Section       62  btod.o(CL$$btod_d2e)
    CL$$btod_d2e_denorm_low                  0x08002de4   Section       70  btod.o(CL$$btod_d2e_denorm_low)
    CL$$btod_d2e_norm_op1                    0x08002e2a   Section       96  btod.o(CL$$btod_d2e_norm_op1)
    CL$$btod_div_common                      0x08002e8c   Section      824  btod.o(CL$$btod_div_common)
    CL$$btod_e2e                             0x080031c4   Section      220  btod.o(CL$$btod_e2e)
    CL$$btod_ediv                            0x080032a0   Section       42  btod.o(CL$$btod_ediv)
    CL$$btod_emul                            0x080032ca   Section       42  btod.o(CL$$btod_emul)
    CL$$btod_mult_common                     0x080032f4   Section      580  btod.o(CL$$btod_mult_common)
    i.__ARM_fpclassify                       0x08003538   Section        0  fpclassify.o(i.__ARM_fpclassify)
    i._is_digit                              0x08003560   Section        0  __printf_wp.o(i._is_digit)
    locale$$code                             0x08003570   Section       44  lc_numeric_c.o(locale$$code)
    locale$$code                             0x0800359c   Section       44  lc_ctype_c.o(locale$$code)
    x$fpl$printf1                            0x080035c8   Section        4  printf1.o(x$fpl$printf1)
    x$fpl$printf2                            0x080035cc   Section        4  printf2.o(x$fpl$printf2)
    initial_mbstate                          0x080035d0   Data           8  _printf_wctomb.o(.constdata)
    .constdata                               0x080035d0   Section        8  _printf_wctomb.o(.constdata)
    x$fpl$usenofp                            0x080035d0   Section        0  usenofp.o(x$fpl$usenofp)
    uc_hextab                                0x080035d8   Data          20  _printf_hex_int_ll_ptr.o(.constdata)
    .constdata                               0x080035d8   Section       40  _printf_hex_int_ll_ptr.o(.constdata)
    lc_hextab                                0x080035ec   Data          20  _printf_hex_int_ll_ptr.o(.constdata)
    maptable                                 0x08003600   Data          17  __printf_flags_ss_wp.o(.constdata)
    .constdata                               0x08003600   Section       17  __printf_flags_ss_wp.o(.constdata)
    lc_hextab                                0x08003611   Data          19  _printf_fp_hex.o(.constdata)
    .constdata                               0x08003611   Section       38  _printf_fp_hex.o(.constdata)
    uc_hextab                                0x08003624   Data          19  _printf_fp_hex.o(.constdata)
    tenpwrs_x                                0x08003638   Data          60  bigflt0.o(.constdata)
    .constdata                               0x08003638   Section      148  bigflt0.o(.constdata)
    tenpwrs_i                                0x08003674   Data          64  bigflt0.o(.constdata)
    .L.str                                   0x080036cc   Data           7  main.o(.rodata.str1.1)
    [Anonymous Symbol]                       0x080036cc   Section        0  main.o(.rodata.str1.1)
    .L.str.3                                 0x080036cf   Data           4  main.o(.rodata.str1.1)
    .L.str.6                                 0x080036d3   Data          12  lcdtext.o(.rodata.str1.1)
    [Anonymous Symbol]                       0x080036d3   Section        0  lcdtext.o(.rodata.str1.1)
    .L.str.2                                 0x080036df   Data          13  lcdtext.o(.rodata.str1.1)
    .L.str                                   0x080036ec   Data           6  lcdtext.o(.rodata.str1.1)
    .L.str.1                                 0x080036f2   Data           9  lcdtext.o(.rodata.str1.1)
    .L.str.4                                 0x080036fb   Data          17  lcdtext.o(.rodata.str1.1)
    .L.str.8                                 0x0800370c   Data          16  lcdtext.o(.rodata.str1.1)
    .L.str.5                                 0x0800371c   Data           4  lcdtext.o(.rodata.str1.1)
    .L.str.7                                 0x08003720   Data           5  lcdtext.o(.rodata.str1.1)
    .L.str                                   0x08003725   Data           3  text.o(.rodata.str1.1)
    [Anonymous Symbol]                       0x08003725   Section        0  text.o(.rodata.str1.1)
    locale$$data                             0x08003748   Section       28  lc_numeric_c.o(locale$$data)
    __lcnum_c_name                           0x0800374c   Data           2  lc_numeric_c.o(locale$$data)
    __lcnum_c_start                          0x08003754   Data           0  lc_numeric_c.o(locale$$data)
    __lcnum_c_point                          0x08003760   Data           0  lc_numeric_c.o(locale$$data)
    __lcnum_c_thousands                      0x08003762   Data           0  lc_numeric_c.o(locale$$data)
    __lcnum_c_grouping                       0x08003763   Data           0  lc_numeric_c.o(locale$$data)
    __lcnum_c_end                            0x08003764   Data           0  lc_numeric_c.o(locale$$data)
    locale$$data                             0x08003764   Section      272  lc_ctype_c.o(locale$$data)
    __lcctype_c_name                         0x08003768   Data           2  lc_ctype_c.o(locale$$data)
    __lcctype_c_start                        0x08003770   Data           0  lc_ctype_c.o(locale$$data)
    __lcctype_c_end                          0x08003874   Data           0  lc_ctype_c.o(locale$$data)
    Font_6x8_Data                            0x20000010   Data        1536  font_6x8.o(.data.Font_6x8_Data)
    [Anonymous Symbol]                       0x20000010   Section        0  font_6x8.o(.data.Font_6x8_Data)
    .bss                                     0x20000618   Section       96  libspace.o(.bss)
    TimerCounter                             0x20000688   Data           4  systick.o(.bss.TimerCounter)
    [Anonymous Symbol]                       0x20000688   Section        0  systick.o(.bss.TimerCounter)
    flashingDiode.i                          0x20000690   Data           1  led.o(.bss.flashingDiode.i)
    [Anonymous Symbol]                       0x20000690   Section        0  led.o(.bss.flashingDiode.i)
    Heap_Mem                                 0x20000698   Data         512  startup_mdr32f9qx.o(HEAP)
    HEAP                                     0x20000698   Section      512  startup_mdr32f9qx.o(HEAP)
    Stack_Mem                                0x20000898   Data        1024  startup_mdr32f9qx.o(STACK)
    STACK                                    0x20000898   Section     1024  startup_mdr32f9qx.o(STACK)
    __initial_sp                             0x20000c98   Data           0  startup_mdr32f9qx.o(STACK)

    Global Symbols

    Symbol Name                              Value     Ov Type        Size  Object(Section)

    BuildAttributes$$THM_ISAv4$P$D$K$B$S$PE$A:L22UL41UL21$X:L11$S22US41US21$IEEE1$IW$~IW$USESV6$~STKCKD$USESV7$~SHL$OTIME$ROPI$IEEEJ$EBA8$UX$STANDARDLIB$REQ8$PRES8$EABIv2 0x00000000   Number         0  anon$$obj.o ABSOLUTE
    __fp_init_empty                          0x00000000   Number         0  fpinit_empty.o ABSOLUTE
    _printf_flags                            0x00000000   Number         0  printf_stubs.o ABSOLUTE
    _printf_return_value                     0x00000000   Number         0  printf_stubs.o ABSOLUTE
    _printf_sizespec                         0x00000000   Number         0  printf_stubs.o ABSOLUTE
    _printf_widthprec                        0x00000000   Number         0  printf_stubs.o ABSOLUTE
    __ARM_exceptions_init                     - Undefined Weak Reference
    __alloca_initialize                       - Undefined Weak Reference
    __arm_preinit_                            - Undefined Weak Reference
    __arm_relocate_pie_                       - Undefined Weak Reference
    __cpp_initialize__aeabi_                  - Undefined Weak Reference
    __cxa_finalize                            - Undefined Weak Reference
    __sigvec_lookup                           - Undefined Weak Reference
    _atexit_init                              - Undefined Weak Reference
    _call_atexit_fns                          - Undefined Weak Reference
    _clock_init                               - Undefined Weak Reference
    _fp_trap_init                             - Undefined Weak Reference
    _fp_trap_shutdown                         - Undefined Weak Reference
    _get_lc_collate                           - Undefined Weak Reference
    _get_lc_monetary                          - Undefined Weak Reference
    _get_lc_time                              - Undefined Weak Reference
    _getenv_init                              - Undefined Weak Reference
    _handle_redirection                       - Undefined Weak Reference
    _init_alloc                               - Undefined Weak Reference
    _init_user_alloc                          - Undefined Weak Reference
    _initio                                   - Undefined Weak Reference
    _printf_mbtowc                            - Undefined Weak Reference
    _printf_wc                                - Undefined Weak Reference
    _rand_init                                - Undefined Weak Reference
    _signal_finish                            - Undefined Weak Reference
    _signal_init                              - Undefined Weak Reference
    _terminate_alloc                          - Undefined Weak Reference
    _terminate_user_alloc                     - Undefined Weak Reference
    _terminateio                              - Undefined Weak Reference
    __Vectors_Size                           0x000000c0   Number         0  startup_mdr32f9qx.o ABSOLUTE
    __Vectors                                0x08000000   Data           4  startup_mdr32f9qx.o(RESET)
    __Vectors_End                            0x080000c0   Data           0  startup_mdr32f9qx.o(RESET)
    __main                                   0x080000c1   Thumb Code     8  __main.o(!!!main)
    __scatterload                            0x080000c9   Thumb Code     0  __scatter.o(!!!scatter)
    __scatterload_rt2                        0x080000c9   Thumb Code    44  __scatter.o(!!!scatter)
    __scatterload_rt2_thumb_only             0x080000c9   Thumb Code     0  __scatter.o(!!!scatter)
    __scatterload_null                       0x080000d7   Thumb Code     0  __scatter.o(!!!scatter)
    __decompress                             0x080000fd   Thumb Code    90  __dczerorl2.o(!!dczerorl2)
    __decompress1                            0x080000fd   Thumb Code     0  __dczerorl2.o(!!dczerorl2)
    __scatterload_zeroinit                   0x08000159   Thumb Code    28  __scatter_zi.o(!!handler_zi)
    _printf_n                                0x08000175   Thumb Code     0  _printf_n.o(.ARM.Collect$$_printf_percent$$00000001)
    _printf_percent                          0x08000175   Thumb Code     0  _printf_percent.o(.ARM.Collect$$_printf_percent$$00000000)
    _printf_p                                0x0800017b   Thumb Code     0  _printf_p.o(.ARM.Collect$$_printf_percent$$00000002)
    _printf_f                                0x08000181   Thumb Code     0  _printf_f.o(.ARM.Collect$$_printf_percent$$00000003)
    _printf_e                                0x08000187   Thumb Code     0  _printf_e.o(.ARM.Collect$$_printf_percent$$00000004)
    _printf_g                                0x0800018d   Thumb Code     0  _printf_g.o(.ARM.Collect$$_printf_percent$$00000005)
    _printf_a                                0x08000193   Thumb Code     0  _printf_a.o(.ARM.Collect$$_printf_percent$$00000006)
    _printf_ll                               0x08000199   Thumb Code     0  _printf_ll.o(.ARM.Collect$$_printf_percent$$00000007)
    _printf_i                                0x080001a3   Thumb Code     0  _printf_i.o(.ARM.Collect$$_printf_percent$$00000008)
    _printf_d                                0x080001a9   Thumb Code     0  _printf_d.o(.ARM.Collect$$_printf_percent$$00000009)
    _printf_u                                0x080001af   Thumb Code     0  _printf_u.o(.ARM.Collect$$_printf_percent$$0000000A)
    _printf_o                                0x080001b5   Thumb Code     0  _printf_o.o(.ARM.Collect$$_printf_percent$$0000000B)
    _printf_x                                0x080001bb   Thumb Code     0  _printf_x.o(.ARM.Collect$$_printf_percent$$0000000C)
    _printf_lli                              0x080001c1   Thumb Code     0  _printf_lli.o(.ARM.Collect$$_printf_percent$$0000000D)
    _printf_lld                              0x080001c7   Thumb Code     0  _printf_lld.o(.ARM.Collect$$_printf_percent$$0000000E)
    _printf_llu                              0x080001cd   Thumb Code     0  _printf_llu.o(.ARM.Collect$$_printf_percent$$0000000F)
    _printf_llo                              0x080001d3   Thumb Code     0  _printf_llo.o(.ARM.Collect$$_printf_percent$$00000010)
    _printf_llx                              0x080001d9   Thumb Code     0  _printf_llx.o(.ARM.Collect$$_printf_percent$$00000011)
    _printf_l                                0x080001df   Thumb Code     0  _printf_l.o(.ARM.Collect$$_printf_percent$$00000012)
    _printf_c                                0x080001e9   Thumb Code     0  _printf_c.o(.ARM.Collect$$_printf_percent$$00000013)
    _printf_s                                0x080001ef   Thumb Code     0  _printf_s.o(.ARM.Collect$$_printf_percent$$00000014)
    _printf_lc                               0x080001f5   Thumb Code     0  _printf_lc.o(.ARM.Collect$$_printf_percent$$00000015)
    _printf_ls                               0x080001fb   Thumb Code     0  _printf_ls.o(.ARM.Collect$$_printf_percent$$00000016)
    _printf_percent_end                      0x08000201   Thumb Code     0  _printf_percent_end.o(.ARM.Collect$$_printf_percent$$00000017)
    __rt_lib_init                            0x08000205   Thumb Code     0  libinit.o(.ARM.Collect$$libinit$$00000000)
    __rt_lib_init_fp_1                       0x08000207   Thumb Code     0  libinit2.o(.ARM.Collect$$libinit$$00000002)
    __rt_lib_init_heap_1                     0x08000207   Thumb Code     0  libinit2.o(.ARM.Collect$$libinit$$0000000C)
    __rt_lib_init_lc_common                  0x08000207   Thumb Code     0  libinit2.o(.ARM.Collect$$libinit$$00000011)
    __rt_lib_init_preinit_1                  0x08000207   Thumb Code     0  libinit2.o(.ARM.Collect$$libinit$$00000006)
    __rt_lib_init_rand_1                     0x08000207   Thumb Code     0  libinit2.o(.ARM.Collect$$libinit$$00000010)
    __rt_lib_init_relocate_pie_1             0x08000207   Thumb Code     0  libinit2.o(.ARM.Collect$$libinit$$00000004)
    __rt_lib_init_user_alloc_1               0x08000207   Thumb Code     0  libinit2.o(.ARM.Collect$$libinit$$0000000E)
    __rt_lib_init_lc_collate_1               0x0800020d   Thumb Code     0  libinit2.o(.ARM.Collect$$libinit$$00000013)
    __rt_lib_init_lc_ctype_2                 0x0800020d   Thumb Code     0  libinit2.o(.ARM.Collect$$libinit$$00000014)
    __rt_lib_init_lc_ctype_1                 0x08000219   Thumb Code     0  libinit2.o(.ARM.Collect$$libinit$$00000015)
    __rt_lib_init_lc_monetary_1              0x08000219   Thumb Code     0  libinit2.o(.ARM.Collect$$libinit$$00000017)
    __rt_lib_init_lc_numeric_2               0x08000219   Thumb Code     0  libinit2.o(.ARM.Collect$$libinit$$00000018)
    __rt_lib_init_alloca_1                   0x08000223   Thumb Code     0  libinit2.o(.ARM.Collect$$libinit$$00000030)
    __rt_lib_init_argv_1                     0x08000223   Thumb Code     0  libinit2.o(.ARM.Collect$$libinit$$0000002E)
    __rt_lib_init_atexit_1                   0x08000223   Thumb Code     0  libinit2.o(.ARM.Collect$$libinit$$0000001D)
    __rt_lib_init_clock_1                    0x08000223   Thumb Code     0  libinit2.o(.ARM.Collect$$libinit$$00000023)
    __rt_lib_init_cpp_1                      0x08000223   Thumb Code     0  libinit2.o(.ARM.Collect$$libinit$$00000034)
    __rt_lib_init_exceptions_1               0x08000223   Thumb Code     0  libinit2.o(.ARM.Collect$$libinit$$00000032)
    __rt_lib_init_fp_trap_1                  0x08000223   Thumb Code     0  libinit2.o(.ARM.Collect$$libinit$$00000021)
    __rt_lib_init_getenv_1                   0x08000223   Thumb Code     0  libinit2.o(.ARM.Collect$$libinit$$00000025)
    __rt_lib_init_lc_numeric_1               0x08000223   Thumb Code     0  libinit2.o(.ARM.Collect$$libinit$$00000019)
    __rt_lib_init_lc_time_1                  0x08000223   Thumb Code     0  libinit2.o(.ARM.Collect$$libinit$$0000001B)
    __rt_lib_init_return                     0x08000223   Thumb Code     0  libinit2.o(.ARM.Collect$$libinit$$00000035)
    __rt_lib_init_signal_1                   0x08000223   Thumb Code     0  libinit2.o(.ARM.Collect$$libinit$$0000001F)
    __rt_lib_init_stdio_1                    0x08000223   Thumb Code     0  libinit2.o(.ARM.Collect$$libinit$$00000027)
    __rt_lib_shutdown                        0x08000225   Thumb Code     0  libshutdown.o(.ARM.Collect$$libshutdown$$00000000)
    __rt_lib_shutdown_cpp_1                  0x08000227   Thumb Code     0  libshutdown2.o(.ARM.Collect$$libshutdown$$00000002)
    __rt_lib_shutdown_fp_trap_1              0x08000227   Thumb Code     0  libshutdown2.o(.ARM.Collect$$libshutdown$$00000007)
    __rt_lib_shutdown_heap_1                 0x08000227   Thumb Code     0  libshutdown2.o(.ARM.Collect$$libshutdown$$0000000F)
    __rt_lib_shutdown_return                 0x08000227   Thumb Code     0  libshutdown2.o(.ARM.Collect$$libshutdown$$00000010)
    __rt_lib_shutdown_signal_1               0x08000227   Thumb Code     0  libshutdown2.o(.ARM.Collect$$libshutdown$$0000000A)
    __rt_lib_shutdown_stdio_1                0x08000227   Thumb Code     0  libshutdown2.o(.ARM.Collect$$libshutdown$$00000004)
    __rt_lib_shutdown_user_alloc_1           0x08000227   Thumb Code     0  libshutdown2.o(.ARM.Collect$$libshutdown$$0000000C)
    __rt_entry                               0x08000229   Thumb Code     0  __rtentry.o(.ARM.Collect$$rtentry$$00000000)
    __rt_entry_presh_1                       0x08000229   Thumb Code     0  __rtentry2.o(.ARM.Collect$$rtentry$$00000002)
    __rt_entry_sh                            0x08000229   Thumb Code     0  __rtentry4.o(.ARM.Collect$$rtentry$$00000004)
    __rt_entry_li                            0x0800022f   Thumb Code     0  __rtentry2.o(.ARM.Collect$$rtentry$$0000000A)
    __rt_entry_postsh_1                      0x0800022f   Thumb Code     0  __rtentry2.o(.ARM.Collect$$rtentry$$00000009)
    __rt_entry_main                          0x08000233   Thumb Code     0  __rtentry2.o(.ARM.Collect$$rtentry$$0000000D)
    __rt_entry_postli_1                      0x08000233   Thumb Code     0  __rtentry2.o(.ARM.Collect$$rtentry$$0000000C)
    __rt_exit                                0x0800023b   Thumb Code     0  rtexit.o(.ARM.Collect$$rtexit$$00000000)
    __rt_exit_ls                             0x0800023d   Thumb Code     0  rtexit2.o(.ARM.Collect$$rtexit$$00000003)
    __rt_exit_prels_1                        0x0800023d   Thumb Code     0  rtexit2.o(.ARM.Collect$$rtexit$$00000002)
    __rt_exit_exit                           0x08000241   Thumb Code     0  rtexit2.o(.ARM.Collect$$rtexit$$00000004)
    Reset_Handler                            0x08000249   Thumb Code     8  startup_mdr32f9qx.o(.text)
    NMI_Handler                              0x08000251   Thumb Code     2  startup_mdr32f9qx.o(.text)
    HardFault_Handler                        0x08000253   Thumb Code     2  startup_mdr32f9qx.o(.text)
    MemManage_Handler                        0x08000255   Thumb Code     2  startup_mdr32f9qx.o(.text)
    BusFault_Handler                         0x08000257   Thumb Code     2  startup_mdr32f9qx.o(.text)
    UsageFault_Handler                       0x08000259   Thumb Code     2  startup_mdr32f9qx.o(.text)
    SVC_Handler                              0x0800025b   Thumb Code     2  startup_mdr32f9qx.o(.text)
    DebugMon_Handler                         0x0800025d   Thumb Code     2  startup_mdr32f9qx.o(.text)
    PendSV_Handler                           0x0800025f   Thumb Code     2  startup_mdr32f9qx.o(.text)
    ADC_IRQHandler                           0x08000263   Thumb Code     0  startup_mdr32f9qx.o(.text)
    BACKUP_IRQHandler                        0x08000263   Thumb Code     0  startup_mdr32f9qx.o(.text)
    CAN1_IRQHandler                          0x08000263   Thumb Code     0  startup_mdr32f9qx.o(.text)
    CAN2_IRQHandler                          0x08000263   Thumb Code     0  startup_mdr32f9qx.o(.text)
    COMPARATOR_IRQHandler                    0x08000263   Thumb Code     0  startup_mdr32f9qx.o(.text)
    DMA_IRQHandler                           0x08000263   Thumb Code     0  startup_mdr32f9qx.o(.text)
    EXT_INT1_IRQHandler                      0x08000263   Thumb Code     0  startup_mdr32f9qx.o(.text)
    EXT_INT2_IRQHandler                      0x08000263   Thumb Code     0  startup_mdr32f9qx.o(.text)
    EXT_INT3_IRQHandler                      0x08000263   Thumb Code     0  startup_mdr32f9qx.o(.text)
    EXT_INT4_IRQHandler                      0x08000263   Thumb Code     0  startup_mdr32f9qx.o(.text)
    I2C_IRQHandler                           0x08000263   Thumb Code     0  startup_mdr32f9qx.o(.text)
    POWER_IRQHandler                         0x08000263   Thumb Code     0  startup_mdr32f9qx.o(.text)
    SSP1_IRQHandler                          0x08000263   Thumb Code     0  startup_mdr32f9qx.o(.text)
    SSP2_IRQHandler                          0x08000263   Thumb Code     0  startup_mdr32f9qx.o(.text)
    Timer2_IRQHandler                        0x08000263   Thumb Code     0  startup_mdr32f9qx.o(.text)
    Timer3_IRQHandler                        0x08000263   Thumb Code     0  startup_mdr32f9qx.o(.text)
    UART1_IRQHandler                         0x08000263   Thumb Code     0  startup_mdr32f9qx.o(.text)
    UART2_IRQHandler                         0x08000263   Thumb Code     0  startup_mdr32f9qx.o(.text)
    USB_IRQHandler                           0x08000263   Thumb Code     0  startup_mdr32f9qx.o(.text)
    WWDG_IRQHandler                          0x08000263   Thumb Code     0  startup_mdr32f9qx.o(.text)
    __user_initial_stackheap                 0x08000265   Thumb Code     0  startup_mdr32f9qx.o(.text)
    sprintf                                  0x08000289   Thumb Code    38  sprintf.o(.text)
    __use_two_region_memory                  0x080002b5   Thumb Code     2  heapauxi.o(.text)
    __rt_heap_escrow$2region                 0x080002b7   Thumb Code     2  heapauxi.o(.text)
    __rt_heap_expand$2region                 0x080002b9   Thumb Code     2  heapauxi.o(.text)
    _printf_pre_padding                      0x080002bb   Thumb Code    44  _printf_pad.o(.text)
    _printf_post_padding                     0x080002e7   Thumb Code    34  _printf_pad.o(.text)
    _printf_truncate_signed                  0x08000309   Thumb Code    18  _printf_truncate.o(.text)
    _printf_truncate_unsigned                0x0800031b   Thumb Code    18  _printf_truncate.o(.text)
    _printf_str                              0x0800032d   Thumb Code    82  _printf_str.o(.text)
    _printf_int_dec                          0x08000381   Thumb Code   104  _printf_dec.o(.text)
    _printf_charcount                        0x080003f9   Thumb Code    40  _printf_charcount.o(.text)
    _printf_char_common                      0x0800042b   Thumb Code    32  _printf_char_common.o(.text)
    _sputc                                   0x08000451   Thumb Code    10  _sputc.o(.text)
    _printf_wctomb                           0x0800045d   Thumb Code   182  _printf_wctomb.o(.text)
    _printf_longlong_dec                     0x08000519   Thumb Code   108  _printf_longlong_dec.o(.text)
    _printf_longlong_oct                     0x08000595   Thumb Code    68  _printf_oct_int_ll.o(.text)
    _printf_int_oct                          0x080005d9   Thumb Code    24  _printf_oct_int_ll.o(.text)
    _printf_ll_oct                           0x080005f1   Thumb Code    12  _printf_oct_int_ll.o(.text)
    _printf_longlong_hex                     0x08000605   Thumb Code    86  _printf_hex_int_ll_ptr.o(.text)
    _printf_int_hex                          0x0800065b   Thumb Code    28  _printf_hex_int_ll_ptr.o(.text)
    _printf_ll_hex                           0x08000677   Thumb Code    12  _printf_hex_int_ll_ptr.o(.text)
    _printf_hex_ptr                          0x08000683   Thumb Code    18  _printf_hex_int_ll_ptr.o(.text)
    __printf                                 0x08000699   Thumb Code   388  __printf_flags_ss_wp.o(.text)
    _ll_udiv10                               0x08000821   Thumb Code   138  lludiv10.o(.text)
    _printf_int_common                       0x080008ab   Thumb Code   178  _printf_intcommon.o(.text)
    _printf_fp_dec_real                      0x08000b0d   Thumb Code   620  _printf_fp_dec.o(.text)
    _printf_fp_hex_real                      0x08000d79   Thumb Code   756  _printf_fp_hex.o(.text)
    _printf_cs_common                        0x08001075   Thumb Code    20  _printf_char.o(.text)
    _printf_char                             0x08001089   Thumb Code    16  _printf_char.o(.text)
    _printf_string                           0x08001099   Thumb Code     8  _printf_char.o(.text)
    _printf_lcs_common                       0x080010a1   Thumb Code    20  _printf_wchar.o(.text)
    _printf_wchar                            0x080010b5   Thumb Code    16  _printf_wchar.o(.text)
    _printf_wstring                          0x080010c5   Thumb Code     8  _printf_wchar.o(.text)
    _c16rtomb                                0x080010cd   Thumb Code    72  _c16rtomb.o(.text)
    _wcrtomb                                 0x080010cd   Thumb Code     0  _c16rtomb.o(.text)
    __user_setup_stackheap                   0x08001115   Thumb Code    74  sys_stackheap_outer.o(.text)
    __rt_ctype_table                         0x08001161   Thumb Code    16  rt_ctype_table.o(.text)
    __rt_locale                              0x08001171   Thumb Code     8  rt_locale_intlibspace.o(.text)
    _printf_fp_infnan                        0x08001179   Thumb Code   112  _printf_fp_infnan.o(.text)
    _btod_etento                             0x080011f9   Thumb Code   224  bigflt0.o(.text)
    exit                                     0x080012dd   Thumb Code    18  exit.o(.text)
    __user_libspace                          0x080012f1   Thumb Code     8  libspace.o(.text)
    __user_perproc_libspace                  0x080012f1   Thumb Code     0  libspace.o(.text)
    __user_perthread_libspace                0x080012f1   Thumb Code     0  libspace.o(.text)
    strcmp                                   0x080012f9   Thumb Code   128  strcmpv7m.o(.text)
    _sys_exit                                0x08001379   Thumb Code     8  sys_exit.o(.text)
    __I$use$semihosting                      0x08001385   Thumb Code     0  use_no_semi.o(.text)
    __use_no_semihosting_swi                 0x08001385   Thumb Code     2  use_no_semi.o(.text)
    __semihosting_library_function           0x08001387   Thumb Code     0  indicate_semi.o(.text)
    IQRFlag                                  0x080013a1   Thumb Code    62  lcdtext.o(.text.IQRFlag)
    InitPortLCD                              0x080013e1   Thumb Code   336  lcd.o(.text.InitPortLCD)
    LCD_CLS                                  0x08001531   Thumb Code   130  lcd.o(.text.LCD_CLS)
    LCD_INIT                                 0x080015b5   Thumb Code    72  lcd.o(.text.LCD_INIT)
    LCD_PUTC                                 0x080015fd   Thumb Code   250  text.o(.text.LCD_PUTC)
    LCD_PUTS                                 0x080016f9   Thumb Code    80  text.o(.text.LCD_PUTS)
    LCD_PUTS_UNINT                           0x08001749   Thumb Code   102  text.o(.text.LCD_PUTS_UNINT)
    LCD_PUT_BYTE                             0x080017b1   Thumb Code   522  text.o(.text.LCD_PUT_BYTE)
    PORT_Init                                0x08001a25   Thumb Code   406  mdr32f9qx_port.o(.text.PORT_Init)
    PORT_ResetBits                           0x08001bbd   Thumb Code    36  mdr32f9qx_port.o(.text.PORT_ResetBits)
    PORT_SetBits                             0x08001be1   Thumb Code    38  mdr32f9qx_port.o(.text.PORT_SetBits)
    PORT_StructInit                          0x08001c09   Thumb Code    54  mdr32f9qx_port.o(.text.PORT_StructInit)
    READ_DATA                                0x08001c61   Thumb Code    42  lcd.o(.text.READ_DATA)
    RST_CLK_GetClocksFreq                    0x08001c8d   Thumb Code   714  mdr32f9qx_rst_clk.o(.text.RST_CLK_GetClocksFreq)
    RST_CLK_PCLKcmd                          0x08001f59   Thumb Code    52  mdr32f9qx_rst_clk.o(.text.RST_CLK_PCLKcmd)
    ReadLCD_Cmd                              0x08001f8d   Thumb Code   114  lcd.o(.text.ReadLCD_Cmd)
    ReadLCD_Data                             0x08002001   Thumb Code   148  lcd.o(.text.ReadLCD_Data)
    ResetLCD                                 0x08002095   Thumb Code    88  lcd.o(.text.ResetLCD)
    SetCrystal                               0x080020ed   Thumb Code    84  lcd.o(.text.SetCrystal)
    SysTick_Handler                          0x08002141   Thumb Code    32  systick.o(.text.SysTick_Handler)
    SystemCoreClockUpdate                    0x08002161   Thumb Code   238  system_mdr32f9qx.o(.text.SystemCoreClockUpdate)
    SystemInit                               0x08002251   Thumb Code   100  system_mdr32f9qx.o(.text.SystemInit)
    TIMER_BRGInit                            0x080022b5   Thumb Code   168  mdr32f9qx_timer.o(.text.TIMER_BRGInit)
    TIMER_ClearFlag                          0x0800235d   Thumb Code    18  mdr32f9qx_timer.o(.text.TIMER_ClearFlag)
    TIMER_Cmd                                0x08002371   Thumb Code    52  mdr32f9qx_timer.o(.text.TIMER_Cmd)
    TIMER_CntInit                            0x080023a5   Thumb Code    88  mdr32f9qx_timer.o(.text.TIMER_CntInit)
    TIMER_CntStructInit                      0x080023fd   Thumb Code    58  mdr32f9qx_timer.o(.text.TIMER_CntStructInit)
    TIMER_DeInit                             0x08002439   Thumb Code   138  mdr32f9qx_timer.o(.text.TIMER_DeInit)
    TIMER_GetITStatus                        0x080024c5   Thumb Code    56  mdr32f9qx_timer.o(.text.TIMER_GetITStatus)
    TIMER_ITConfig                           0x080024fd   Thumb Code    54  mdr32f9qx_timer.o(.text.TIMER_ITConfig)
    Timer1_IRQHandler                        0x08002535   Thumb Code    74  timer.o(.text.Timer1_IRQHandler)
    TimerInit                                0x08002581   Thumb Code   138  timer.o(.text.TimerInit)
    UART_BRGInit                             0x0800260d   Thumb Code   122  mdr32f9qx_uart.o(.text.UART_BRGInit)
    UART_Cmd                                 0x08002689   Thumb Code    46  mdr32f9qx_uart.o(.text.UART_Cmd)
    UART_Init                                0x080026b9   Thumb Code   270  mdr32f9qx_uart.o(.text.UART_Init)
    UART_SendData                            0x080027c9   Thumb Code    20  mdr32f9qx_uart.o(.text.UART_SendData)
    UART_ini                                 0x080027dd   Thumb Code   186  settingsports.o(.text.UART_ini)
    WRITE_DATA                               0x08002899   Thumb Code    78  lcd.o(.text.WRITE_DATA)
    WriteLCD_Cmd                             0x08002919   Thumb Code   116  lcd.o(.text.WriteLCD_Cmd)
    WriteLCD_Data                            0x0800298d   Thumb Code   116  lcd.o(.text.WriteLCD_Data)
    flashingDiode                            0x08002a01   Thumb Code   102  led.o(.text.flashingDiode)
    lcdInit                                  0x08002a69   Thumb Code    42  lcdtext.o(.text.lcdInit)
    lcdTxt                                   0x08002a95   Thumb Code   260  lcdtext.o(.text.lcdTxt)
    main                                     0x08002b99   Thumb Code   320  main.o(.text.main)
    setCPUFreq                               0x08002cd9   Thumb Code   154  settingsports.o(.text.setCPUFreq)
    settingsPorts                            0x08002d75   Thumb Code    50  settingsports.o(.text.settingsPorts)
    _btod_d2e                                0x08002da7   Thumb Code    62  btod.o(CL$$btod_d2e)
    _d2e_denorm_low                          0x08002de5   Thumb Code    70  btod.o(CL$$btod_d2e_denorm_low)
    _d2e_norm_op1                            0x08002e2b   Thumb Code    96  btod.o(CL$$btod_d2e_norm_op1)
    __btod_div_common                        0x08002e8d   Thumb Code   696  btod.o(CL$$btod_div_common)
    _e2e                                     0x080031c5   Thumb Code   220  btod.o(CL$$btod_e2e)
    _btod_ediv                               0x080032a1   Thumb Code    42  btod.o(CL$$btod_ediv)
    _btod_emul                               0x080032cb   Thumb Code    42  btod.o(CL$$btod_emul)
    __btod_mult_common                       0x080032f5   Thumb Code   580  btod.o(CL$$btod_mult_common)
    __ARM_fpclassify                         0x08003539   Thumb Code    40  fpclassify.o(i.__ARM_fpclassify)
    _is_digit                                0x08003561   Thumb Code    14  __printf_wp.o(i._is_digit)
    _get_lc_numeric                          0x08003571   Thumb Code    44  lc_numeric_c.o(locale$$code)
    _get_lc_ctype                            0x0800359d   Thumb Code    44  lc_ctype_c.o(locale$$code)
    _printf_fp_dec                           0x080035c9   Thumb Code     4  printf1.o(x$fpl$printf1)
    _printf_fp_hex                           0x080035cd   Thumb Code     4  printf2.o(x$fpl$printf2)
    __I$use$fp                               0x080035d0   Number         0  usenofp.o(x$fpl$usenofp)
    Region$$Table$$Base                      0x08003728   Number         0  anon$$obj.o(Region$$Table)
    Region$$Table$$Limit                     0x08003748   Number         0  anon$$obj.o(Region$$Table)
    __ctype                                  0x08003771   Data           0  lc_ctype_c.o(locale$$data)
    Font_6x8                                 0x20000000   Data          16  font_6x8.o(.data.Font_6x8)
    SystemCoreClock                          0x20000610   Data           4  system_mdr32f9qx.o(.data.SystemCoreClock)
    __libspace_start                         0x20000618   Data          96  libspace.o(.bss)
    CurrentCrystal                           0x20000678   Data           1  lcd.o(.bss.CurrentCrystal)
    __temporary_stack_top$libspace           0x20000678   Data           0  libspace.o(.bss)
    CurrentFont                              0x2000067c   Data           4  text.o(.bss.CurrentFont)
    CurrentMethod                            0x20000680   Data           1  lcd.o(.bss.CurrentMethod)
    IRQCounter                               0x20000684   Data           4  main.o(.bss.IRQCounter)
    flag                                     0x2000068c   Data           4  main.o(.bss.flag)



==============================================================================

Memory Map of the image

  Image Entry point : 0x08000249

  Load Region LR_1 (Base: 0x08000000, Size: 0x00003e88, Max: 0xffffffff, ABSOLUTE, COMPRESSED[0x00003d08])

    Execution Region ER_RO (Exec base: 0x08000000, Load base: 0x08000000, Size: 0x00003874, Max: 0xffffffff, ABSOLUTE)

    Exec Addr    Load Addr    Size         Type   Attr      Idx    E Section Name        Object

    0x08000000   0x08000000   0x000000c0   Data   RO          150    RESET               startup_mdr32f9qx.o
    0x080000c0   0x080000c0   0x00000008   Code   RO          443  * !!!main             c_w.l(__main.o)
    0x080000c8   0x080000c8   0x00000034   Code   RO          782    !!!scatter          c_w.l(__scatter.o)
    0x080000fc   0x080000fc   0x0000005a   Code   RO          780    !!dczerorl2         c_w.l(__dczerorl2.o)
    0x08000156   0x08000156   0x00000002   PAD
    0x08000158   0x08000158   0x0000001c   Code   RO          784    !!handler_zi        c_w.l(__scatter_zi.o)
    0x08000174   0x08000174   0x00000000   Code   RO          527    .ARM.Collect$$_printf_percent$$00000000  c_w.l(_printf_percent.o)
    0x08000174   0x08000174   0x00000006   Code   RO          516    .ARM.Collect$$_printf_percent$$00000001  c_w.l(_printf_n.o)
    0x0800017a   0x0800017a   0x00000006   Code   RO          518    .ARM.Collect$$_printf_percent$$00000002  c_w.l(_printf_p.o)
    0x08000180   0x08000180   0x00000006   Code   RO          523    .ARM.Collect$$_printf_percent$$00000003  c_w.l(_printf_f.o)
    0x08000186   0x08000186   0x00000006   Code   RO          524    .ARM.Collect$$_printf_percent$$00000004  c_w.l(_printf_e.o)
    0x0800018c   0x0800018c   0x00000006   Code   RO          525    .ARM.Collect$$_printf_percent$$00000005  c_w.l(_printf_g.o)
    0x08000192   0x08000192   0x00000006   Code   RO          526    .ARM.Collect$$_printf_percent$$00000006  c_w.l(_printf_a.o)
    0x08000198   0x08000198   0x0000000a   Code   RO          531    .ARM.Collect$$_printf_percent$$00000007  c_w.l(_printf_ll.o)
    0x080001a2   0x080001a2   0x00000006   Code   RO          520    .ARM.Collect$$_printf_percent$$00000008  c_w.l(_printf_i.o)
    0x080001a8   0x080001a8   0x00000006   Code   RO          521    .ARM.Collect$$_printf_percent$$00000009  c_w.l(_printf_d.o)
    0x080001ae   0x080001ae   0x00000006   Code   RO          522    .ARM.Collect$$_printf_percent$$0000000A  c_w.l(_printf_u.o)
    0x080001b4   0x080001b4   0x00000006   Code   RO          519    .ARM.Collect$$_printf_percent$$0000000B  c_w.l(_printf_o.o)
    0x080001ba   0x080001ba   0x00000006   Code   RO          517    .ARM.Collect$$_printf_percent$$0000000C  c_w.l(_printf_x.o)
    0x080001c0   0x080001c0   0x00000006   Code   RO          528    .ARM.Collect$$_printf_percent$$0000000D  c_w.l(_printf_lli.o)
    0x080001c6   0x080001c6   0x00000006   Code   RO          529    .ARM.Collect$$_printf_percent$$0000000E  c_w.l(_printf_lld.o)
    0x080001cc   0x080001cc   0x00000006   Code   RO          530    .ARM.Collect$$_printf_percent$$0000000F  c_w.l(_printf_llu.o)
    0x080001d2   0x080001d2   0x00000006   Code   RO          535    .ARM.Collect$$_printf_percent$$00000010  c_w.l(_printf_llo.o)
    0x080001d8   0x080001d8   0x00000006   Code   RO          536    .ARM.Collect$$_printf_percent$$00000011  c_w.l(_printf_llx.o)
    0x080001de   0x080001de   0x0000000a   Code   RO          532    .ARM.Collect$$_printf_percent$$00000012  c_w.l(_printf_l.o)
    0x080001e8   0x080001e8   0x00000006   Code   RO          514    .ARM.Collect$$_printf_percent$$00000013  c_w.l(_printf_c.o)
    0x080001ee   0x080001ee   0x00000006   Code   RO          515    .ARM.Collect$$_printf_percent$$00000014  c_w.l(_printf_s.o)
    0x080001f4   0x080001f4   0x00000006   Code   RO          533    .ARM.Collect$$_printf_percent$$00000015  c_w.l(_printf_lc.o)
    0x080001fa   0x080001fa   0x00000006   Code   RO          534    .ARM.Collect$$_printf_percent$$00000016  c_w.l(_printf_ls.o)
    0x08000200   0x08000200   0x00000004   Code   RO          577    .ARM.Collect$$_printf_percent$$00000017  c_w.l(_printf_percent_end.o)
    0x08000204   0x08000204   0x00000002   Code   RO          628    .ARM.Collect$$libinit$$00000000  c_w.l(libinit.o)
    0x08000206   0x08000206   0x00000000   Code   RO          647    .ARM.Collect$$libinit$$00000002  c_w.l(libinit2.o)
    0x08000206   0x08000206   0x00000000   Code   RO          649    .ARM.Collect$$libinit$$00000004  c_w.l(libinit2.o)
    0x08000206   0x08000206   0x00000000   Code   RO          651    .ARM.Collect$$libinit$$00000006  c_w.l(libinit2.o)
    0x08000206   0x08000206   0x00000000   Code   RO          654    .ARM.Collect$$libinit$$0000000C  c_w.l(libinit2.o)
    0x08000206   0x08000206   0x00000000   Code   RO          656    .ARM.Collect$$libinit$$0000000E  c_w.l(libinit2.o)
    0x08000206   0x08000206   0x00000000   Code   RO          658    .ARM.Collect$$libinit$$00000010  c_w.l(libinit2.o)
    0x08000206   0x08000206   0x00000006   Code   RO          659    .ARM.Collect$$libinit$$00000011  c_w.l(libinit2.o)
    0x0800020c   0x0800020c   0x00000000   Code   RO          661    .ARM.Collect$$libinit$$00000013  c_w.l(libinit2.o)
    0x0800020c   0x0800020c   0x0000000c   Code   RO          662    .ARM.Collect$$libinit$$00000014  c_w.l(libinit2.o)
    0x08000218   0x08000218   0x00000000   Code   RO          663    .ARM.Collect$$libinit$$00000015  c_w.l(libinit2.o)
    0x08000218   0x08000218   0x00000000   Code   RO          665    .ARM.Collect$$libinit$$00000017  c_w.l(libinit2.o)
    0x08000218   0x08000218   0x0000000a   Code   RO          666    .ARM.Collect$$libinit$$00000018  c_w.l(libinit2.o)
    0x08000222   0x08000222   0x00000000   Code   RO          667    .ARM.Collect$$libinit$$00000019  c_w.l(libinit2.o)
    0x08000222   0x08000222   0x00000000   Code   RO          669    .ARM.Collect$$libinit$$0000001B  c_w.l(libinit2.o)
    0x08000222   0x08000222   0x00000000   Code   RO          671    .ARM.Collect$$libinit$$0000001D  c_w.l(libinit2.o)
    0x08000222   0x08000222   0x00000000   Code   RO          673    .ARM.Collect$$libinit$$0000001F  c_w.l(libinit2.o)
    0x08000222   0x08000222   0x00000000   Code   RO          675    .ARM.Collect$$libinit$$00000021  c_w.l(libinit2.o)
    0x08000222   0x08000222   0x00000000   Code   RO          677    .ARM.Collect$$libinit$$00000023  c_w.l(libinit2.o)
    0x08000222   0x08000222   0x00000000   Code   RO          679    .ARM.Collect$$libinit$$00000025  c_w.l(libinit2.o)
    0x08000222   0x08000222   0x00000000   Code   RO          681    .ARM.Collect$$libinit$$00000027  c_w.l(libinit2.o)
    0x08000222   0x08000222   0x00000000   Code   RO          685    .ARM.Collect$$libinit$$0000002E  c_w.l(libinit2.o)
    0x08000222   0x08000222   0x00000000   Code   RO          687    .ARM.Collect$$libinit$$00000030  c_w.l(libinit2.o)
    0x08000222   0x08000222   0x00000000   Code   RO          689    .ARM.Collect$$libinit$$00000032  c_w.l(libinit2.o)
    0x08000222   0x08000222   0x00000000   Code   RO          691    .ARM.Collect$$libinit$$00000034  c_w.l(libinit2.o)
    0x08000222   0x08000222   0x00000002   Code   RO          692    .ARM.Collect$$libinit$$00000035  c_w.l(libinit2.o)
    0x08000224   0x08000224   0x00000002   Code   RO          716    .ARM.Collect$$libshutdown$$00000000  c_w.l(libshutdown.o)
    0x08000226   0x08000226   0x00000000   Code   RO          731    .ARM.Collect$$libshutdown$$00000002  c_w.l(libshutdown2.o)
    0x08000226   0x08000226   0x00000000   Code   RO          733    .ARM.Collect$$libshutdown$$00000004  c_w.l(libshutdown2.o)
    0x08000226   0x08000226   0x00000000   Code   RO          736    .ARM.Collect$$libshutdown$$00000007  c_w.l(libshutdown2.o)
    0x08000226   0x08000226   0x00000000   Code   RO          739    .ARM.Collect$$libshutdown$$0000000A  c_w.l(libshutdown2.o)
    0x08000226   0x08000226   0x00000000   Code   RO          741    .ARM.Collect$$libshutdown$$0000000C  c_w.l(libshutdown2.o)
    0x08000226   0x08000226   0x00000000   Code   RO          744    .ARM.Collect$$libshutdown$$0000000F  c_w.l(libshutdown2.o)
    0x08000226   0x08000226   0x00000002   Code   RO          745    .ARM.Collect$$libshutdown$$00000010  c_w.l(libshutdown2.o)
    0x08000228   0x08000228   0x00000000   Code   RO          445    .ARM.Collect$$rtentry$$00000000  c_w.l(__rtentry.o)
    0x08000228   0x08000228   0x00000000   Code   RO          546    .ARM.Collect$$rtentry$$00000002  c_w.l(__rtentry2.o)
    0x08000228   0x08000228   0x00000006   Code   RO          558    .ARM.Collect$$rtentry$$00000004  c_w.l(__rtentry4.o)
    0x0800022e   0x0800022e   0x00000000   Code   RO          548    .ARM.Collect$$rtentry$$00000009  c_w.l(__rtentry2.o)
    0x0800022e   0x0800022e   0x00000004   Code   RO          549    .ARM.Collect$$rtentry$$0000000A  c_w.l(__rtentry2.o)
    0x08000232   0x08000232   0x00000000   Code   RO          551    .ARM.Collect$$rtentry$$0000000C  c_w.l(__rtentry2.o)
    0x08000232   0x08000232   0x00000008   Code   RO          552    .ARM.Collect$$rtentry$$0000000D  c_w.l(__rtentry2.o)
    0x0800023a   0x0800023a   0x00000002   Code   RO          637    .ARM.Collect$$rtexit$$00000000  c_w.l(rtexit.o)
    0x0800023c   0x0800023c   0x00000000   Code   RO          694    .ARM.Collect$$rtexit$$00000002  c_w.l(rtexit2.o)
    0x0800023c   0x0800023c   0x00000004   Code   RO          695    .ARM.Collect$$rtexit$$00000003  c_w.l(rtexit2.o)
    0x08000240   0x08000240   0x00000006   Code   RO          696    .ARM.Collect$$rtexit$$00000004  c_w.l(rtexit2.o)
    0x08000246   0x08000246   0x00000002   PAD
    0x08000248   0x08000248   0x00000040   Code   RO          151  * .text               startup_mdr32f9qx.o
    0x08000288   0x08000288   0x0000002c   Code   RO          437    .text               c_w.l(sprintf.o)
    0x080002b4   0x080002b4   0x00000006   Code   RO          441    .text               c_w.l(heapauxi.o)
    0x080002ba   0x080002ba   0x0000004e   Code   RO          448    .text               c_w.l(_printf_pad.o)
    0x08000308   0x08000308   0x00000024   Code   RO          450    .text               c_w.l(_printf_truncate.o)
    0x0800032c   0x0800032c   0x00000052   Code   RO          452    .text               c_w.l(_printf_str.o)
    0x0800037e   0x0800037e   0x00000002   PAD
    0x08000380   0x08000380   0x00000078   Code   RO          454    .text               c_w.l(_printf_dec.o)
    0x080003f8   0x080003f8   0x00000028   Code   RO          456    .text               c_w.l(_printf_charcount.o)
    0x08000420   0x08000420   0x00000030   Code   RO          458    .text               c_w.l(_printf_char_common.o)
    0x08000450   0x08000450   0x0000000a   Code   RO          460    .text               c_w.l(_sputc.o)
    0x0800045a   0x0800045a   0x00000002   PAD
    0x0800045c   0x0800045c   0x000000bc   Code   RO          462    .text               c_w.l(_printf_wctomb.o)
    0x08000518   0x08000518   0x0000007c   Code   RO          465    .text               c_w.l(_printf_longlong_dec.o)
    0x08000594   0x08000594   0x00000070   Code   RO          471    .text               c_w.l(_printf_oct_int_ll.o)
    0x08000604   0x08000604   0x00000094   Code   RO          491    .text               c_w.l(_printf_hex_int_ll_ptr.o)
    0x08000698   0x08000698   0x00000188   Code   RO          511    .text               c_w.l(__printf_flags_ss_wp.o)
    0x08000820   0x08000820   0x0000008a   Code   RO          560    .text               c_w.l(lludiv10.o)
    0x080008aa   0x080008aa   0x000000b2   Code   RO          562    .text               c_w.l(_printf_intcommon.o)
    0x0800095c   0x0800095c   0x0000041c   Code   RO          564    .text               c_w.l(_printf_fp_dec.o)
    0x08000d78   0x08000d78   0x000002fc   Code   RO          568    .text               c_w.l(_printf_fp_hex.o)
    0x08001074   0x08001074   0x0000002c   Code   RO          573    .text               c_w.l(_printf_char.o)
    0x080010a0   0x080010a0   0x0000002c   Code   RO          575    .text               c_w.l(_printf_wchar.o)
    0x080010cc   0x080010cc   0x00000048   Code   RO          578    .text               c_w.l(_c16rtomb.o)
    0x08001114   0x08001114   0x0000004a   Code   RO          580    .text               c_w.l(sys_stackheap_outer.o)
    0x0800115e   0x0800115e   0x00000002   PAD
    0x08001160   0x08001160   0x00000010   Code   RO          582    .text               c_w.l(rt_ctype_table.o)
    0x08001170   0x08001170   0x00000008   Code   RO          587    .text               c_w.l(rt_locale_intlibspace.o)
    0x08001178   0x08001178   0x00000080   Code   RO          589    .text               c_w.l(_printf_fp_infnan.o)
    0x080011f8   0x080011f8   0x000000e4   Code   RO          591    .text               c_w.l(bigflt0.o)
    0x080012dc   0x080012dc   0x00000012   Code   RO          621    .text               c_w.l(exit.o)
    0x080012ee   0x080012ee   0x00000002   PAD
    0x080012f0   0x080012f0   0x00000008   Code   RO          634    .text               c_w.l(libspace.o)
    0x080012f8   0x080012f8   0x00000080   Code   RO          644    .text               c_w.l(strcmpv7m.o)
    0x08001378   0x08001378   0x0000000c   Code   RO          706    .text               c_w.l(sys_exit.o)
    0x08001384   0x08001384   0x00000002   Code   RO          721    .text               c_w.l(use_no_semi.o)
    0x08001386   0x08001386   0x00000000   Code   RO          723    .text               c_w.l(indicate_semi.o)
    0x08001386   0x08001386   0x00000002   PAD
    0x08001388   0x08001388   0x00000018   Code   RO           98    .text.GetStatus     lcd.o
    0x080013a0   0x080013a0   0x0000003e   Code   RO           55    .text.IQRFlag       lcdtext.o
    0x080013de   0x080013de   0x00000002   PAD
    0x080013e0   0x080013e0   0x00000150   Code   RO           78    .text.InitPortLCD   lcd.o
    0x08001530   0x08001530   0x00000082   Code   RO           96    .text.LCD_CLS       lcd.o
    0x080015b2   0x080015b2   0x00000002   PAD
    0x080015b4   0x080015b4   0x00000048   Code   RO           92    .text.LCD_INIT      lcd.o
    0x080015fc   0x080015fc   0x000000fa   Code   RO          132    .text.LCD_PUTC      text.o
    0x080016f6   0x080016f6   0x00000002   PAD
    0x080016f8   0x080016f8   0x00000050   Code   RO          134    .text.LCD_PUTS      text.o
    0x08001748   0x08001748   0x00000066   Code   RO          136    .text.LCD_PUTS_UNINT  text.o
    0x080017ae   0x080017ae   0x00000002   PAD
    0x080017b0   0x080017b0   0x0000020a   Code   RO          130    .text.LCD_PUT_BYTE  text.o
    0x080019ba   0x080019ba   0x00000002   PAD
    0x080019bc   0x080019bc   0x00000024   Code   RO           38    .text.NVIC_EnableIRQ  timer.o
    0x080019e0   0x080019e0   0x00000044   Code   RO           40    .text.NVIC_SetPriority  timer.o
    0x08001a24   0x08001a24   0x00000196   Code   RO          172    .text.PORT_Init     mdr32f9qx_port.o
    0x08001bba   0x08001bba   0x00000002   PAD
    0x08001bbc   0x08001bbc   0x00000024   Code   RO          182    .text.PORT_ResetBits  mdr32f9qx_port.o
    0x08001be0   0x08001be0   0x00000026   Code   RO          180    .text.PORT_SetBits  mdr32f9qx_port.o
    0x08001c06   0x08001c06   0x00000002   PAD
    0x08001c08   0x08001c08   0x00000036   Code   RO          174    .text.PORT_StructInit  mdr32f9qx_port.o
    0x08001c3e   0x08001c3e   0x00000002   PAD
    0x08001c40   0x08001c40   0x0000001e   Code   RO           82    .text.Pause         lcd.o
    0x08001c5e   0x08001c5e   0x00000002   PAD
    0x08001c60   0x08001c60   0x0000002a   Code   RO           74    .text.READ_DATA     lcd.o
    0x08001c8a   0x08001c8a   0x00000002   PAD
    0x08001c8c   0x08001c8c   0x000002ca   Code   RO          263    .text.RST_CLK_GetClocksFreq  mdr32f9qx_rst_clk.o
    0x08001f56   0x08001f56   0x00000002   PAD
    0x08001f58   0x08001f58   0x00000034   Code   RO          199    .text.RST_CLK_PCLKcmd  mdr32f9qx_rst_clk.o
    0x08001f8c   0x08001f8c   0x00000072   Code   RO           88    .text.ReadLCD_Cmd   lcd.o
    0x08001ffe   0x08001ffe   0x00000002   PAD
    0x08002000   0x08002000   0x00000094   Code   RO           90    .text.ReadLCD_Data  lcd.o
    0x08002094   0x08002094   0x00000058   Code   RO           76    .text.ResetLCD      lcd.o
    0x080020ec   0x080020ec   0x00000054   Code   RO           80    .text.SetCrystal    lcd.o
    0x08002140   0x08002140   0x00000020   Code   RO          116    .text.SysTick_Handler  systick.o
    0x08002160   0x08002160   0x000000ee   Code   RO          158    .text.SystemCoreClockUpdate  system_mdr32f9qx.o
    0x0800224e   0x0800224e   0x00000002   PAD
    0x08002250   0x08002250   0x00000064   Code   RO          160    .text.SystemInit    system_mdr32f9qx.o
    0x080022b4   0x080022b4   0x000000a8   Code   RO          386    .text.TIMER_BRGInit  mdr32f9qx_timer.o
    0x0800235c   0x0800235c   0x00000012   Code   RO          378    .text.TIMER_ClearFlag  mdr32f9qx_timer.o
    0x0800236e   0x0800236e   0x00000002   PAD
    0x08002370   0x08002370   0x00000034   Code   RO          278    .text.TIMER_Cmd     mdr32f9qx_timer.o
    0x080023a4   0x080023a4   0x00000058   Code   RO          274    .text.TIMER_CntInit  mdr32f9qx_timer.o
    0x080023fc   0x080023fc   0x0000003a   Code   RO          276    .text.TIMER_CntStructInit  mdr32f9qx_timer.o
    0x08002436   0x08002436   0x00000002   PAD
    0x08002438   0x08002438   0x0000008a   Code   RO          272    .text.TIMER_DeInit  mdr32f9qx_timer.o
    0x080024c2   0x080024c2   0x00000002   PAD
    0x080024c4   0x080024c4   0x00000038   Code   RO          384    .text.TIMER_GetITStatus  mdr32f9qx_timer.o
    0x080024fc   0x080024fc   0x00000036   Code   RO          382    .text.TIMER_ITConfig  mdr32f9qx_timer.o
    0x08002532   0x08002532   0x00000002   PAD
    0x08002534   0x08002534   0x0000004a   Code   RO           42    .text.Timer1_IRQHandler  timer.o
    0x0800257e   0x0800257e   0x00000002   PAD
    0x08002580   0x08002580   0x0000008a   Code   RO           36    .text.TimerInit     timer.o
    0x0800260a   0x0800260a   0x00000002   PAD
    0x0800260c   0x0800260c   0x0000007a   Code   RO          427    .text.UART_BRGInit  mdr32f9qx_uart.o
    0x08002686   0x08002686   0x00000002   PAD
    0x08002688   0x08002688   0x0000002e   Code   RO          401    .text.UART_Cmd      mdr32f9qx_uart.o
    0x080026b6   0x080026b6   0x00000002   PAD
    0x080026b8   0x080026b8   0x0000010e   Code   RO          397    .text.UART_Init     mdr32f9qx_uart.o
    0x080027c6   0x080027c6   0x00000002   PAD
    0x080027c8   0x080027c8   0x00000014   Code   RO          415    .text.UART_SendData  mdr32f9qx_uart.o
    0x080027dc   0x080027dc   0x000000ba   Code   RO           27    .text.UART_ini      settingsports.o
    0x08002896   0x08002896   0x00000002   PAD
    0x08002898   0x08002898   0x0000004e   Code   RO           72    .text.WRITE_DATA    lcd.o
    0x080028e6   0x080028e6   0x00000002   PAD
    0x080028e8   0x080028e8   0x0000002e   Code   RO           94    .text.WaitStatus    lcd.o
    0x08002916   0x08002916   0x00000002   PAD
    0x08002918   0x08002918   0x00000074   Code   RO           84    .text.WriteLCD_Cmd  lcd.o
    0x0800298c   0x0800298c   0x00000074   Code   RO           86    .text.WriteLCD_Data  lcd.o
    0x08002a00   0x08002a00   0x00000066   Code   RO           14    .text.flashingDiode  led.o
    0x08002a66   0x08002a66   0x00000002   PAD
    0x08002a68   0x08002a68   0x0000002a   Code   RO           53    .text.lcdInit       lcdtext.o
    0x08002a92   0x08002a92   0x00000002   PAD
    0x08002a94   0x08002a94   0x00000104   Code   RO           51    .text.lcdTxt        lcdtext.o
    0x08002b98   0x08002b98   0x00000140   Code   RO            2    .text.main          main.o
    0x08002cd8   0x08002cd8   0x0000009a   Code   RO           23    .text.setCPUFreq    settingsports.o
    0x08002d72   0x08002d72   0x00000002   PAD
    0x08002d74   0x08002d74   0x00000032   Code   RO           25    .text.settingsPorts  settingsports.o
    0x08002da6   0x08002da6   0x0000003e   Code   RO          594    CL$$btod_d2e        c_w.l(btod.o)
    0x08002de4   0x08002de4   0x00000046   Code   RO          596    CL$$btod_d2e_denorm_low  c_w.l(btod.o)
    0x08002e2a   0x08002e2a   0x00000060   Code   RO          595    CL$$btod_d2e_norm_op1  c_w.l(btod.o)
    0x08002e8a   0x08002e8a   0x00000002   PAD
    0x08002e8c   0x08002e8c   0x00000338   Code   RO          604    CL$$btod_div_common  c_w.l(btod.o)
    0x080031c4   0x080031c4   0x000000dc   Code   RO          601    CL$$btod_e2e        c_w.l(btod.o)
    0x080032a0   0x080032a0   0x0000002a   Code   RO          598    CL$$btod_ediv       c_w.l(btod.o)
    0x080032ca   0x080032ca   0x0000002a   Code   RO          597    CL$$btod_emul       c_w.l(btod.o)
    0x080032f4   0x080032f4   0x00000244   Code   RO          603    CL$$btod_mult_common  c_w.l(btod.o)
    0x08003538   0x08003538   0x00000028   Code   RO          632    i.__ARM_fpclassify  m_ws.l(fpclassify.o)
    0x08003560   0x08003560   0x0000000e   Code   RO          504    i._is_digit         c_w.l(__printf_wp.o)
    0x0800356e   0x0800356e   0x00000002   PAD
    0x08003570   0x08003570   0x0000002c   Code   RO          619    locale$$code        c_w.l(lc_numeric_c.o)
    0x0800359c   0x0800359c   0x0000002c   Code   RO          642    locale$$code        c_w.l(lc_ctype_c.o)
    0x080035c8   0x080035c8   0x00000004   Code   RO          537    x$fpl$printf1       fz_ws.l(printf1.o)
    0x080035cc   0x080035cc   0x00000004   Code   RO          539    x$fpl$printf2       fz_ws.l(printf2.o)
    0x080035d0   0x080035d0   0x00000000   Code   RO          631    x$fpl$usenofp       fz_ws.l(usenofp.o)
    0x080035d0   0x080035d0   0x00000008   Data   RO          463    .constdata          c_w.l(_printf_wctomb.o)
    0x080035d8   0x080035d8   0x00000028   Data   RO          492    .constdata          c_w.l(_printf_hex_int_ll_ptr.o)
    0x08003600   0x08003600   0x00000011   Data   RO          512    .constdata          c_w.l(__printf_flags_ss_wp.o)
    0x08003611   0x08003611   0x00000026   Data   RO          569    .constdata          c_w.l(_printf_fp_hex.o)
    0x08003637   0x08003637   0x00000001   PAD
    0x08003638   0x08003638   0x00000094   Data   RO          592    .constdata          c_w.l(bigflt0.o)
    0x080036cc   0x080036cc   0x00000007   Data   RO            6    .rodata.str1.1      main.o
    0x080036d3   0x080036d3   0x00000052   Data   RO           57    .rodata.str1.1      lcdtext.o
    0x08003725   0x08003725   0x00000003   Data   RO          141    .rodata.str1.1      text.o
    0x08003728   0x08003728   0x00000020   Data   RO          779    Region$$Table       anon$$obj.o
    0x08003748   0x08003748   0x0000001c   Data   RO          618    locale$$data        c_w.l(lc_numeric_c.o)
    0x08003764   0x08003764   0x00000110   Data   RO          641    locale$$data        c_w.l(lc_ctype_c.o)


    Execution Region ER_RW (Exec base: 0x20000000, Load base: 0x08003874, Size: 0x00000614, Max: 0xffffffff, ABSOLUTE, COMPRESSED[0x00000494])

    Exec Addr    Load Addr    Size         Type   Attr      Idx    E Section Name        Object

    0x20000000   COMPRESSED   0x00000010   Data   RW           66    .data.Font_6x8      font_6x8.o
    0x20000010   COMPRESSED   0x00000600   Data   RW           65    .data.Font_6x8_Data  font_6x8.o
    0x20000610   COMPRESSED   0x00000004   Data   RW          162    .data.SystemCoreClock  system_mdr32f9qx.o


    Execution Region ER_ZI (Exec base: 0x20000618, Load base: 0x08003d08, Size: 0x00000680, Max: 0xffffffff, ABSOLUTE)

    Exec Addr    Load Addr    Size         Type   Attr      Idx    E Section Name        Object

    0x20000618        -       0x00000060   Zero   RW          635    .bss                c_w.l(libspace.o)
    0x20000678        -       0x00000001   Zero   RW          100    .bss.CurrentCrystal  lcd.o
    0x20000679   0x08003d08   0x00000003   PAD
    0x2000067c        -       0x00000004   Zero   RW          140    .bss.CurrentFont    text.o
    0x20000680        -       0x00000001   Zero   RW          102    .bss.CurrentMethod  lcd.o
    0x20000681   0x08003d08   0x00000003   PAD
    0x20000684        -       0x00000004   Zero   RW            5    .bss.IRQCounter     main.o
    0x20000688        -       0x00000004   Zero   RW          122    .bss.TimerCounter   systick.o
    0x2000068c        -       0x00000004   Zero   RW            4    .bss.flag           main.o
    0x20000690        -       0x00000001   Zero   RW           16    .bss.flashingDiode.i  led.o
    0x20000691   0x08003d08   0x00000007   PAD
    0x20000698        -       0x00000200   Zero   RW          149    HEAP                startup_mdr32f9qx.o
    0x20000898        -       0x00000400   Zero   RW          148    STACK               startup_mdr32f9qx.o


==============================================================================

Image component sizes


      Code (inc. data)   RO Data    RW Data    ZI Data      Debug   Object Name

         0          0          0       1552          0        655   font_6x8.o
      1424          0          0          0          2       4108   lcd.o
       364          0         82          0          0       1036   lcdtext.o
       102          0          0          0          1       1406   led.o
       320          0          7          0          8       1567   main.o
       534          0          0          0          0       4908   mdr32f9qx_port.o
       766          0          0          0          0      11504   mdr32f9qx_rst_clk.o
       632          0          0          0          0      20270   mdr32f9qx_timer.o
       458          0          0          0          0       7422   mdr32f9qx_uart.o
       390          0          0          0          0       4862   settingsports.o
        64         26        192          0       1536        820   startup_mdr32f9qx.o
       338          0          0          4          0       1503   system_mdr32f9qx.o
        32          0          0          0          4       3353   systick.o
       954         12          3          0          4       2783   text.o
       316          0          0          0          0       5427   timer.o

    ----------------------------------------------------------------------
      6750         38        316       1556       1568      71624   Object Totals
         0          0         32          0          0          0   (incl. Generated)
        56          0          0          0         13          0   (incl. Padding)

    ----------------------------------------------------------------------

      Code (inc. data)   RO Data    RW Data    ZI Data      Debug   Library Member Name

        90          0          0          0          0          0   __dczerorl2.o
         8          0          0          0          0         68   __main.o
       392          4         17          0          0         92   __printf_flags_ss_wp.o
        14          0          0          0          0         68   __printf_wp.o
         0          0          0          0          0          0   __rtentry.o
        12          0          0          0          0          0   __rtentry2.o
         6          0          0          0          0          0   __rtentry4.o
        52          8          0          0          0          0   __scatter.o
        28          0          0          0          0          0   __scatter_zi.o
        72          0          0          0          0         96   _c16rtomb.o
         6          0          0          0          0          0   _printf_a.o
         6          0          0          0          0          0   _printf_c.o
        44          0          0          0          0        108   _printf_char.o
        48          6          0          0          0         96   _printf_char_common.o
        40          0          0          0          0         68   _printf_charcount.o
         6          0          0          0          0          0   _printf_d.o
       120         16          0          0          0         92   _printf_dec.o
         6          0          0          0          0          0   _printf_e.o
         6          0          0          0          0          0   _printf_f.o
      1052          0          0          0          0        148   _printf_fp_dec.o
       764          8         38          0          0        100   _printf_fp_hex.o
       128         16          0          0          0         84   _printf_fp_infnan.o
         6          0          0          0          0          0   _printf_g.o
       148          4         40          0          0        160   _printf_hex_int_ll_ptr.o
         6          0          0          0          0          0   _printf_i.o
       178          0          0          0          0         88   _printf_intcommon.o
        10          0          0          0          0          0   _printf_l.o
         6          0          0          0          0          0   _printf_lc.o
        10          0          0          0          0          0   _printf_ll.o
         6          0          0          0          0          0   _printf_lld.o
         6          0          0          0          0          0   _printf_lli.o
         6          0          0          0          0          0   _printf_llo.o
         6          0          0          0          0          0   _printf_llu.o
         6          0          0          0          0          0   _printf_llx.o
       124         16          0          0          0         92   _printf_longlong_dec.o
         6          0          0          0          0          0   _printf_ls.o
         6          0          0          0          0          0   _printf_n.o
         6          0          0          0          0          0   _printf_o.o
       112          8          0          0          0        124   _printf_oct_int_ll.o
         6          0          0          0          0          0   _printf_p.o
        78          0          0          0          0        108   _printf_pad.o
         0          0          0          0          0          0   _printf_percent.o
         4          0          0          0          0          0   _printf_percent_end.o
         6          0          0          0          0          0   _printf_s.o
        82          0          0          0          0         80   _printf_str.o
        36          0          0          0          0         84   _printf_truncate.o
         6          0          0          0          0          0   _printf_u.o
        44          0          0          0          0        108   _printf_wchar.o
       188          6          8          0          0         92   _printf_wctomb.o
         6          0          0          0          0          0   _printf_x.o
        10          0          0          0          0         68   _sputc.o
       228          4        148          0          0         96   bigflt0.o
      1936        128          0          0          0        668   btod.o
        18          0          0          0          0         80   exit.o
         6          0          0          0          0        152   heapauxi.o
         0          0          0          0          0          0   indicate_semi.o
        44         10        272          0          0         76   lc_ctype_c.o
        44         10         28          0          0         76   lc_numeric_c.o
         2          0          0          0          0          0   libinit.o
        30          0          0          0          0          0   libinit2.o
         2          0          0          0          0          0   libshutdown.o
         2          0          0          0          0          0   libshutdown2.o
         8          4          0          0         96         68   libspace.o
       138          0          0          0          0         80   lludiv10.o
        16          4          0          0          0         76   rt_ctype_table.o
         8          4          0          0          0         68   rt_locale_intlibspace.o
         2          0          0          0          0          0   rtexit.o
        10          0          0          0          0          0   rtexit2.o
        44          6          0          0          0         84   sprintf.o
       128          0          0          0          0         68   strcmpv7m.o
        12          4          0          0          0         68   sys_exit.o
        74          0          0          0          0         80   sys_stackheap_outer.o
         2          0          0          0          0         68   use_no_semi.o
         4          0          0          0          0         68   printf1.o
         4          0          0          0          0         68   printf2.o
         0          0          0          0          0          0   usenofp.o
        40          0          0          0          0         68   fpclassify.o

    ----------------------------------------------------------------------
      6834        266        552          0         96       4036   Library Totals
        18          0          1          0          0          0   (incl. Padding)

    ----------------------------------------------------------------------

      Code (inc. data)   RO Data    RW Data    ZI Data      Debug   Library Name

      6768        266        551          0         96       3832   c_w.l
         8          0          0          0          0        136   fz_ws.l
        40          0          0          0          0         68   m_ws.l

    ----------------------------------------------------------------------
      6834        266        552          0         96       4036   Library Totals

    ----------------------------------------------------------------------

==============================================================================


      Code (inc. data)   RO Data    RW Data    ZI Data      Debug   

     13584        304        868       1556       1664      73284   Grand Totals
     13584        304        868       1172       1664      73284   ELF Image Totals (compressed)
     13584        304        868       1172          0          0   ROM Totals

==============================================================================

    Total RO  Size (Code + RO Data)                14452 (  14.11kB)
    Total RW  Size (RW Data + ZI Data)              3220 (   3.14kB)
    Total ROM Size (Code + RO Data + RW Data)      15624 (  15.26kB)

==============================================================================

